🚀 Downloading models from HuggingFace: seba/VoxCPM2ANE-Preview

Fetching 215 files:   0%|          | 0/215 [00:00<?, ?it/s]
Fetching 215 files: 100%|██████████| 215/215 [00:00<00:00, 29193.12it/s]

Fetching 168 files:   0%|          | 0/168 [00:00<?, ?it/s]
Fetching 168 files: 100%|██████████| 168/168 [00:00<00:00, 18939.98it/s]
   ✓ Prioritizing compiled model: /Users/seba/.cache/huggingface/hub/models--seba--VoxCPM2ANE-Preview/snapshots/def350ecae1aa3e4028970a5eae8faa7b3800d40/base_lm_multifunction.mlmodelc
   ✓ base_lm default: /Users/seba/.cache/huggingface/hub/models--seba--VoxCPM2ANE-Preview/snapshots/def350ecae1aa3e4028970a5eae8faa7b3800d40/base_lm_multifunction.mlmodelc
   ✓ Prioritizing compiled model: /Users/seba/.cache/huggingface/hub/models--seba--VoxCPM2ANE-Preview/snapshots/def350ecae1aa3e4028970a5eae8faa7b3800d40/residual_lm_fused_multifunction.mlmodelc
   ✓ Prioritizing compiled model: /Users/seba/.cache/huggingface/hub/models--seba--VoxCPM2ANE-Preview/snapshots/def350ecae1aa3e4028970a5eae8faa7b3800d40/locdit_p4_c4.mlmodelc
   ✓ Prioritizing compiled model: /Users/seba/.cache/huggingface/hub/models--seba--VoxCPM2ANE-Preview/snapshots/def350ecae1aa3e4028970a5eae8faa7b3800d40/audio_vae_encoder.mlmodelc
   ✓ Prioritizing compiled model: /Users/seba/.cache/huggingface/hub/models--seba--VoxCPM2ANE-Preview/snapshots/def350ecae1aa3e4028970a5eae8faa7b3800d40/feat_encoder.mlmodelc
   ✓ Prioritizing compiled model: /Users/seba/.cache/huggingface/hub/models--seba--VoxCPM2ANE-Preview/snapshots/def350ecae1aa3e4028970a5eae8faa7b3800d40/audio_vae_decoder_lf4.mlmodelc
   ✓ Prioritizing compiled model: /Users/seba/.cache/huggingface/hub/models--seba--VoxCPM2ANE-Preview/snapshots/def350ecae1aa3e4028970a5eae8faa7b3800d40/fsq_s4.mlmodelc
   ✓ Prioritizing compiled model: /Users/seba/.cache/huggingface/hub/models--seba--VoxCPM2ANE-Preview/snapshots/def350ecae1aa3e4028970a5eae8faa7b3800d40/projections.mlmodelc
Loading CoreML models via VoxCPM2Generator...
CoreML resolved model paths:
  vae_encoder: /Users/seba/.cache/huggingface/hub/models--seba--VoxCPM2ANE-Preview/snapshots/def350ecae1aa3e4028970a5eae8faa7b3800d40/audio_vae_encoder.mlmodelc
  feat_encoder: /Users/seba/.cache/huggingface/hub/models--seba--VoxCPM2ANE-Preview/snapshots/def350ecae1aa3e4028970a5eae8faa7b3800d40/feat_encoder.mlmodelc
  base_lm: /Users/seba/.cache/huggingface/hub/models--seba--VoxCPM2ANE-Preview/snapshots/def350ecae1aa3e4028970a5eae8faa7b3800d40/base_lm_multifunction.mlmodelc
  residual_lm: /Users/seba/.cache/huggingface/hub/models--seba--VoxCPM2ANE-Preview/snapshots/def350ecae1aa3e4028970a5eae8faa7b3800d40/residual_lm_fused_multifunction.mlmodelc
  locdit: /Users/seba/.cache/huggingface/hub/models--seba--VoxCPM2ANE-Preview/snapshots/def350ecae1aa3e4028970a5eae8faa7b3800d40/locdit_p4_c4.mlmodelc
  vae_decoder: /Users/seba/.cache/huggingface/hub/models--seba--VoxCPM2ANE-Preview/snapshots/def350ecae1aa3e4028970a5eae8faa7b3800d40/audio_vae_decoder_lf4.mlmodelc
  fsq: /Users/seba/.cache/huggingface/hub/models--seba--VoxCPM2ANE-Preview/snapshots/def350ecae1aa3e4028970a5eae8faa7b3800d40/fsq_s4.mlmodelc
  projections: /Users/seba/.cache/huggingface/hub/models--seba--VoxCPM2ANE-Preview/snapshots/def350ecae1aa3e4028970a5eae8faa7b3800d40/projections.mlmodelc
✅ Models loaded successfully.
🎤 generate_audio_chunks: mode=continuation, text='Hello Patrick I am Spongebob Squarepants'..., max_len=76, cfg=2.0, steps=10
{"variant": "async", "wall_seconds": 4.578736875002505, "ttfb_seconds": 1.942499458004022, "prefill_seconds": 1.1267123329889728, "prefill_stage_seconds": {"text_tokens": 9.39579913392663e-05, "audio_features": 0.0020318330061854795, "sequence_build": 9.170034900307655e-07, "lm_prefix_cache_restore": 7.499911589547992e-07, "stream_base_lm": 0.38509262500156183, "residual_lm": 0.7394587919989135, "lm_prefix_cache_save": 3.275000199209899e-05}, "swap_to_decode_seconds": 1.3124998076818883e-05, "decode_load_wait_seconds": 1.3209006283432245e-05, "decode_load_wait_by_lm": {"base_lm": 5.8340083342045546e-06, "residual_lm": 7.374997949227691e-06}, "prefill_cleanup_wait_seconds": 2.4170003598555923e-06, "generation_seconds": 2.743502500001341, "audio_seconds": 2.56, "rtf": 1.0716806640630239, "chunks": 16, "samples": 122880, "events": [{"kind": "prefill", "values": {"prefill_seconds": 1.1267123329889728, "prefill_tokens": 44, "prefill_stage_seconds": {"text_tokens": 9.39579913392663e-05, "audio_features": 0.0020318330061854795, "sequence_build": 9.170034900307655e-07, "lm_prefix_cache_restore": 7.499911589547992e-07, "stream_base_lm": 0.38509262500156183, "residual_lm": 0.7394587919989135, "lm_prefix_cache_save": 3.275000199209899e-05}, "prefill_text_tokens": 25, "prefill_audio_tokens": 19, "prefill_reference_audio_tokens": 0, "prefill_prompt_audio_tokens": 19, "prefill_lm_prefix_cache": false, "prefill_lm_prefix_tokens": 0, "at": 101528.261215875}}, {"kind": "generation_start", "values": {"at": 101528.261229, "swap_to_decode_seconds": 1.3124998076818883e-05}}, {"kind": "decode_ready", "values": {"at": 101529.061145916, "decode_load_wait_seconds": 5.8340083342045546e-06, "decode_load_wait_by_lm": {"base_lm": 5.8340083342045546e-06}}}, {"kind": "decode_ready", "values": {"at": 101529.581197875, "decode_load_wait_seconds": 7.374997949227691e-06, "decode_load_wait_by_lm": {"residual_lm": 7.374997949227691e-06}}}, {"kind": "final", "values": {"status": "completed", "generation_seconds": 2.743502500001341, "audio_seconds": 2.56}}, {"kind": "prefill_cleanup", "values": {"at": 101531.004743041, "prefill_cleanup_wait_seconds": 2.4170003598555923e-06}}], "warmup": true, "index": 0}
🎤 generate_audio_chunks: mode=continuation, text='Hello Patrick I am Spongebob Squarepants'..., max_len=76, cfg=2.0, steps=10
{"variant": "async", "wall_seconds": 4.420616791001521, "ttfb_seconds": 1.719888000006904, "prefill_seconds": 1.5346347080048872, "prefill_stage_seconds": {"text_tokens": 4.858300962951034e-05, "audio_features": 0.016010541992727667, "sequence_build": 9.170034900307655e-07, "lm_prefix_cache_restore": 9.57996235229075e-07, "stream_base_lm": 0.8107785000029253, "residual_lm": 0.707767125000828, "lm_prefix_cache_save": 2.7667003450915217e-05}, "swap_to_decode_seconds": 8.624992915429175e-06, "decode_load_wait_seconds": 1.3249999028630555e-05, "decode_load_wait_by_lm": {"base_lm": 5.916997906751931e-06, "residual_lm": 7.333001121878624e-06}, "prefill_cleanup_wait_seconds": 2.0830048015341163e-06, "generation_seconds": 2.1372590829996625, "audio_seconds": 2.56, "rtf": 0.8348668292967432, "chunks": 16, "samples": 122880, "events": [{"kind": "prefill", "values": {"prefill_seconds": 1.5346347080048872, "prefill_tokens": 44, "prefill_stage_seconds": {"text_tokens": 4.858300962951034e-05, "audio_features": 0.016010541992727667, "sequence_build": 9.170034900307655e-07, "lm_prefix_cache_restore": 9.57996235229075e-07, "stream_base_lm": 0.8107785000029253, "residual_lm": 0.707767125000828, "lm_prefix_cache_save": 2.7667003450915217e-05}, "prefill_text_tokens": 25, "prefill_audio_tokens": 19, "prefill_reference_audio_tokens": 0, "prefill_prompt_audio_tokens": 19, "prefill_lm_prefix_cache": false, "prefill_lm_prefix_tokens": 0, "at": 101533.232446875}}, {"kind": "generation_start", "values": {"at": 101533.2324555, "swap_to_decode_seconds": 8.624992915429175e-06}}, {"kind": "decode_ready", "values": {"at": 101533.417373416, "decode_load_wait_seconds": 5.916997906751931e-06, "decode_load_wait_by_lm": {"base_lm": 5.916997906751931e-06}}}, {"kind": "decode_ready", "values": {"at": 101533.937560958, "decode_load_wait_seconds": 7.333001121878624e-06, "decode_load_wait_by_lm": {"residual_lm": 7.333001121878624e-06}}}, {"kind": "final", "values": {"status": "completed", "generation_seconds": 2.1372590829996625, "audio_seconds": 2.56}}, {"kind": "prefill_cleanup", "values": {"at": 101535.369726291, "prefill_cleanup_wait_seconds": 2.0830048015341163e-06}}], "warmup": true, "index": 1}
🎤 generate_audio_chunks: mode=continuation, text='Hello Patrick I am Spongebob Squarepants'..., max_len=76, cfg=2.0, steps=10
{"variant": "async", "wall_seconds": 4.799934624999878, "ttfb_seconds": 1.75487004200113, "prefill_seconds": 1.5664856250077719, "prefill_stage_seconds": {"text_tokens": 5.2458010031841695e-05, "audio_features": 0.008588458993472159, "sequence_build": 5.00003807246685e-07, "lm_prefix_cache_restore": 5.829933797940612e-07, "stream_base_lm": 0.7590726250055013, "residual_lm": 0.7987437919946387, "lm_prefix_cache_save": 2.7041009161621332e-05}, "swap_to_decode_seconds": 8.500006515532732e-06, "decode_load_wait_seconds": 1.5040990547277033e-05, "decode_load_wait_by_lm": {"base_lm": 6.582995411008596e-06, "residual_lm": 8.457995136268437e-06}, "prefill_cleanup_wait_seconds": 9.57996235229075e-07, "generation_seconds": 2.5971795410005143, "audio_seconds": 2.56, "rtf": 1.014523258203326, "chunks": 16, "samples": 122880, "events": [{"kind": "prefill", "values": {"prefill_seconds": 1.5664856250077719, "prefill_tokens": 44, "prefill_stage_seconds": {"text_tokens": 5.2458010031841695e-05, "audio_features": 0.008588458993472159, "sequence_build": 5.00003807246685e-07, "lm_prefix_cache_restore": 5.829933797940612e-07, "stream_base_lm": 0.7590726250055013, "residual_lm": 0.7987437919946387, "lm_prefix_cache_save": 2.7041009161621332e-05}, "prefill_text_tokens": 25, "prefill_audio_tokens": 19, "prefill_reference_audio_tokens": 0, "prefill_prompt_audio_tokens": 19, "prefill_lm_prefix_cache": false, "prefill_lm_prefix_tokens": 0, "at": 101537.6850805}}, {"kind": "generation_start", "values": {"at": 101537.685089, "swap_to_decode_seconds": 8.500006515532732e-06}}, {"kind": "decode_ready", "values": {"at": 101537.873050291, "decode_load_wait_seconds": 6.582995411008596e-06, "decode_load_wait_by_lm": {"base_lm": 6.582995411008596e-06}}}, {"kind": "decode_ready", "values": {"at": 101538.835085833, "decode_load_wait_seconds": 8.457995136268437e-06, "decode_load_wait_by_lm": {"residual_lm": 8.457995136268437e-06}}}, {"kind": "final", "values": {"status": "completed", "generation_seconds": 2.5971795410005143, "audio_seconds": 2.56}}, {"kind": "prefill_cleanup", "values": {"at": 101540.282275625, "prefill_cleanup_wait_seconds": 9.57996235229075e-07}}], "warmup": true, "index": 2}
🎤 generate_audio_chunks: mode=continuation, text='Hello Patrick I am Spongebob Squarepants'..., max_len=76, cfg=2.0, steps=10
{"variant": "async", "wall_seconds": 5.6565058330015745, "ttfb_seconds": 3.0456704999960493, "prefill_seconds": 2.8075589159998344, "prefill_stage_seconds": {"text_tokens": 4.8582995077595115e-05, "audio_features": 0.000807875010650605, "sequence_build": 5.829933797940612e-07, "lm_prefix_cache_restore": 7.089984137564898e-07, "stream_base_lm": 1.6735146660066675, "residual_lm": 1.1331586250016699, "lm_prefix_cache_save": 2.766698889899999e-05}, "swap_to_decode_seconds": 9.082999895326793e-06, "decode_load_wait_seconds": 1.4541990822181106e-05, "decode_load_wait_by_lm": {"base_lm": 7.83299037721008e-06, "residual_lm": 6.709000444971025e-06}, "prefill_cleanup_wait_seconds": 1.2499949662014842e-06, "generation_seconds": 2.1328257499990286, "audio_seconds": 2.56, "rtf": 0.8331350585933706, "chunks": 16, "samples": 122880, "events": [{"kind": "prefill", "values": {"prefill_seconds": 2.8075589159998344, "prefill_tokens": 44, "prefill_stage_seconds": {"text_tokens": 4.8582995077595115e-05, "audio_features": 0.000807875010650605, "sequence_build": 5.829933797940612e-07, "lm_prefix_cache_restore": 7.089984137564898e-07, "stream_base_lm": 1.6735146660066675, "residual_lm": 1.1331586250016699, "lm_prefix_cache_save": 2.766698889899999e-05}, "prefill_text_tokens": 25, "prefill_audio_tokens": 19, "prefill_reference_audio_tokens": 0, "prefill_prompt_audio_tokens": 19, "prefill_lm_prefix_cache": false, "prefill_lm_prefix_tokens": 0, "at": 101543.726199625}}, {"kind": "generation_start", "values": {"at": 101543.726208708, "swap_to_decode_seconds": 9.082999895326793e-06}}, {"kind": "decode_ready", "values": {"at": 101543.963856583, "decode_load_wait_seconds": 7.83299037721008e-06, "decode_load_wait_by_lm": {"base_lm": 7.83299037721008e-06}}}, {"kind": "decode_ready", "values": {"at": 101544.4225335, "decode_load_wait_seconds": 6.709000444971025e-06, "decode_load_wait_by_lm": {"residual_lm": 6.709000444971025e-06}}}, {"kind": "final", "values": {"status": "completed", "generation_seconds": 2.1328257499990286, "audio_seconds": 2.56}}, {"kind": "prefill_cleanup", "values": {"at": 101545.859041166, "prefill_cleanup_wait_seconds": 1.2499949662014842e-06}}], "warmup": true, "index": 3}
🎤 generate_audio_chunks: mode=continuation, text='Hello Patrick I am Spongebob Squarepants'..., max_len=76, cfg=2.0, steps=10
{"variant": "async", "wall_seconds": 4.311659957995289, "ttfb_seconds": 1.7432125829946017, "prefill_seconds": 1.5556543330021668, "prefill_stage_seconds": {"text_tokens": 4.591699689626694e-05, "audio_features": 0.0009376660018460825, "sequence_build": 4.5899651013314724e-07, "lm_prefix_cache_restore": 5.410111043602228e-07, "stream_base_lm": 0.7750307089881971, "residual_lm": 0.7796150830108672, "lm_prefix_cache_save": 2.3792003048583865e-05}, "swap_to_decode_seconds": 7.1250105975195765e-06, "decode_load_wait_seconds": 1.329201040789485e-05, "decode_load_wait_by_lm": {"base_lm": 5.875001079402864e-06, "residual_lm": 7.417009328491986e-06}, "prefill_cleanup_wait_seconds": 9.590003173798323e-07, "generation_seconds": 2.0374490419926587, "audio_seconds": 2.56, "rtf": 0.7958785320283823, "chunks": 16, "samples": 122880, "events": [{"kind": "prefill", "values": {"prefill_seconds": 1.5556543330021668, "prefill_tokens": 44, "prefill_stage_seconds": {"text_tokens": 4.591699689626694e-05, "audio_features": 0.0009376660018460825, "sequence_build": 4.5899651013314724e-07, "lm_prefix_cache_restore": 5.410111043602228e-07, "stream_base_lm": 0.7750307089881971, "residual_lm": 0.7796150830108672, "lm_prefix_cache_save": 2.3792003048583865e-05}, "prefill_text_tokens": 25, "prefill_audio_tokens": 19, "prefill_reference_audio_tokens": 0, "prefill_prompt_audio_tokens": 19, "prefill_lm_prefix_cache": false, "prefill_lm_prefix_tokens": 0, "at": 101548.130680041}}, {"kind": "generation_start", "values": {"at": 101548.130687166, "swap_to_decode_seconds": 7.1250105975195765e-06}}, {"kind": "decode_ready", "values": {"at": 101548.317988416, "decode_load_wait_seconds": 5.875001079402864e-06, "decode_load_wait_by_lm": {"base_lm": 5.875001079402864e-06}}}, {"kind": "decode_ready", "values": {"at": 101548.708267833, "decode_load_wait_seconds": 7.417009328491986e-06, "decode_load_wait_by_lm": {"residual_lm": 7.417009328491986e-06}}}, {"kind": "final", "values": {"status": "completed", "generation_seconds": 2.0374490419926587, "audio_seconds": 2.56}}, {"kind": "prefill_cleanup", "values": {"at": 101550.16814325, "prefill_cleanup_wait_seconds": 9.590003173798323e-07}}], "warmup": false, "index": 4}
🎤 generate_audio_chunks: mode=continuation, text='Hello Patrick I am Spongebob Squarepants'..., max_len=76, cfg=2.0, steps=10
{"variant": "async", "wall_seconds": 4.39440195899806, "ttfb_seconds": 1.8777351250028005, "prefill_seconds": 1.6876335419947281, "prefill_stage_seconds": {"text_tokens": 4.65829944005236e-05, "audio_features": 0.0007984170078998432, "sequence_build": 7.920025382190943e-07, "lm_prefix_cache_restore": 7.90998456068337e-07, "stream_base_lm": 0.8251651669997955, "residual_lm": 0.8615960829920368, "lm_prefix_cache_save": 2.5542001822032034e-05}, "swap_to_decode_seconds": 7.957991329021752e-06, "decode_load_wait_seconds": 1.4165998436510563e-05, "decode_load_wait_by_lm": {"base_lm": 7.166003342717886e-06, "residual_lm": 6.999995093792677e-06}, "prefill_cleanup_wait_seconds": 1.291002263315022e-06, "generation_seconds": 2.0071427920047427, "audio_seconds": 2.56, "rtf": 0.7840401531268526, "chunks": 16, "samples": 122880, "events": [{"kind": "prefill", "values": {"prefill_seconds": 1.6876335419947281, "prefill_tokens": 44, "prefill_stage_seconds": {"text_tokens": 4.65829944005236e-05, "audio_features": 0.0007984170078998432, "sequence_build": 7.920025382190943e-07, "lm_prefix_cache_restore": 7.90998456068337e-07, "stream_base_lm": 0.8251651669997955, "residual_lm": 0.8615960829920368, "lm_prefix_cache_save": 2.5542001822032034e-05}, "prefill_text_tokens": 25, "prefill_audio_tokens": 19, "prefill_reference_audio_tokens": 0, "prefill_prompt_audio_tokens": 19, "prefill_lm_prefix_cache": false, "prefill_lm_prefix_tokens": 0, "at": 101552.574391625}}, {"kind": "generation_start", "values": {"at": 101552.574399583, "swap_to_decode_seconds": 7.957991329021752e-06}}, {"kind": "decode_ready", "values": {"at": 101552.764240916, "decode_load_wait_seconds": 7.166003342717886e-06, "decode_load_wait_by_lm": {"base_lm": 7.166003342717886e-06}}}, {"kind": "decode_ready", "values": {"at": 101553.161196583, "decode_load_wait_seconds": 6.999995093792677e-06, "decode_load_wait_by_lm": {"residual_lm": 6.999995093792677e-06}}}, {"kind": "final", "values": {"status": "completed", "generation_seconds": 2.0071427920047427, "audio_seconds": 2.56}}, {"kind": "prefill_cleanup", "values": {"at": 101554.5815495, "prefill_cleanup_wait_seconds": 1.291002263315022e-06}}], "warmup": false, "index": 5}
🎤 generate_audio_chunks: mode=continuation, text='Hello Patrick I am Spongebob Squarepants'..., max_len=76, cfg=2.0, steps=10
{"variant": "async", "wall_seconds": 4.939013041992439, "ttfb_seconds": 2.3679640000045765, "prefill_seconds": 2.1712453329964774, "prefill_stage_seconds": {"text_tokens": 6.150000263005495e-05, "audio_features": 0.0009536249999655411, "sequence_build": 4.999892553314567e-07, "lm_prefix_cache_restore": 5.830079317092896e-07, "stream_base_lm": 1.4404424999956973, "residual_lm": 0.7297592500108294, "lm_prefix_cache_save": 2.7207992388866842e-05}, "swap_to_decode_seconds": 8.542003342881799e-06, "decode_load_wait_seconds": 1.4208999346010387e-05, "decode_load_wait_by_lm": {"base_lm": 7.2499969974160194e-06, "residual_lm": 6.9590023485943675e-06}, "prefill_cleanup_wait_seconds": 1.2079981388524175e-06, "generation_seconds": 2.02588620800816, "audio_seconds": 2.56, "rtf": 0.7913618000031875, "chunks": 16, "samples": 122880, "events": [{"kind": "prefill", "values": {"prefill_seconds": 2.1712453329964774, "prefill_tokens": 44, "prefill_stage_seconds": {"text_tokens": 6.150000263005495e-05, "audio_features": 0.0009536249999655411, "sequence_build": 4.999892553314567e-07, "lm_prefix_cache_restore": 5.830079317092896e-07, "stream_base_lm": 1.4404424999956973, "residual_lm": 0.7297592500108294, "lm_prefix_cache_save": 2.7207992388866842e-05}, "prefill_text_tokens": 25, "prefill_audio_tokens": 19, "prefill_reference_audio_tokens": 0, "prefill_prompt_audio_tokens": 19, "prefill_lm_prefix_cache": false, "prefill_lm_prefix_tokens": 0, "at": 101557.452603541}}, {"kind": "generation_start", "values": {"at": 101557.452612083, "swap_to_decode_seconds": 8.542003342881799e-06}}, {"kind": "decode_ready", "values": {"at": 101557.648944958, "decode_load_wait_seconds": 7.2499969974160194e-06, "decode_load_wait_by_lm": {"base_lm": 7.2499969974160194e-06}}}, {"kind": "decode_ready", "values": {"at": 101558.049350041, "decode_load_wait_seconds": 6.9590023485943675e-06, "decode_load_wait_by_lm": {"residual_lm": 6.9590023485943675e-06}}}, {"kind": "final", "values": {"status": "completed", "generation_seconds": 2.02588620800816, "audio_seconds": 2.56}}, {"kind": "prefill_cleanup", "values": {"at": 101559.478506416, "prefill_cleanup_wait_seconds": 1.2079981388524175e-06}}], "warmup": false, "index": 6}
🎤 generate_audio_chunks: mode=continuation, text='Hello Patrick I am Spongebob Squarepants'..., max_len=76, cfg=2.0, steps=10
{"variant": "async", "wall_seconds": 4.199454000001424, "ttfb_seconds": 1.617308208005852, "prefill_seconds": 1.4275392909912625, "prefill_stage_seconds": {"text_tokens": 3.8582991692237556e-05, "audio_features": 0.0007310830114874989, "sequence_build": 3.33995558321476e-07, "lm_prefix_cache_restore": 5.00003807246685e-07, "stream_base_lm": 0.6914939159905771, "residual_lm": 0.7352495840023039, "lm_prefix_cache_save": 2.5125002139247954e-05}, "swap_to_decode_seconds": 9.208990377373993e-06, "decode_load_wait_seconds": 1.333300315309316e-05, "decode_load_wait_by_lm": {"base_lm": 6.874994141981006e-06, "residual_lm": 6.4580090111121535e-06}, "prefill_cleanup_wait_seconds": 8.329952834174037e-07, "generation_seconds": 2.0316782500012778, "audio_seconds": 2.56, "rtf": 0.7936243164067491, "chunks": 16, "samples": 122880, "events": [{"kind": "prefill", "values": {"prefill_seconds": 1.4275392909912625, "prefill_tokens": 44, "prefill_stage_seconds": {"text_tokens": 3.8582991692237556e-05, "audio_features": 0.0007310830114874989, "sequence_build": 3.33995558321476e-07, "lm_prefix_cache_restore": 5.00003807246685e-07, "stream_base_lm": 0.6914939159905771, "residual_lm": 0.7352495840023039, "lm_prefix_cache_save": 2.5125002139247954e-05}, "prefill_text_tokens": 25, "prefill_audio_tokens": 19, "prefill_reference_audio_tokens": 0, "prefill_prompt_audio_tokens": 19, "prefill_lm_prefix_cache": false, "prefill_lm_prefix_tokens": 0, "at": 101561.648144916}}, {"kind": "generation_start", "values": {"at": 101561.648154125, "swap_to_decode_seconds": 9.208990377373993e-06}}, {"kind": "decode_ready", "values": {"at": 101561.837372666, "decode_load_wait_seconds": 6.874994141981006e-06, "decode_load_wait_by_lm": {"base_lm": 6.874994141981006e-06}}}, {"kind": "decode_ready", "values": {"at": 101562.250615041, "decode_load_wait_seconds": 6.4580090111121535e-06, "decode_load_wait_by_lm": {"residual_lm": 6.4580090111121535e-06}}}, {"kind": "final", "values": {"status": "completed", "generation_seconds": 2.0316782500012778, "audio_seconds": 2.56}}, {"kind": "prefill_cleanup", "values": {"at": 101563.679839458, "prefill_cleanup_wait_seconds": 8.329952834174037e-07}}], "warmup": false, "index": 7}
🎤 generate_audio_chunks: mode=continuation, text='Hello Patrick I am Spongebob Squarepants'..., max_len=76, cfg=2.0, steps=10
{"variant": "async", "wall_seconds": 4.215217667006073, "ttfb_seconds": 1.5678693340014433, "prefill_seconds": 1.377313958000741, "prefill_stage_seconds": {"text_tokens": 5.095799861010164e-05, "audio_features": 0.0009839999984251335, "sequence_build": 3.7500285543501377e-07, "lm_prefix_cache_restore": 5.00003807246685e-07, "stream_base_lm": 0.6754658749996452, "residual_lm": 0.7007892080000602, "lm_prefix_cache_save": 2.28749995585531e-05}, "swap_to_decode_seconds": 7.458002073690295e-06, "decode_load_wait_seconds": 1.1833995813503861e-05, "decode_load_wait_by_lm": {"base_lm": 4.959001671522856e-06, "residual_lm": 6.874994141981006e-06}, "prefill_cleanup_wait_seconds": 1.2499949662014842e-06, "generation_seconds": 2.0152789169951575, "audio_seconds": 2.56, "rtf": 0.7872183269512334, "chunks": 16, "samples": 122880, "events": [{"kind": "prefill", "values": {"prefill_seconds": 1.377313958000741, "prefill_tokens": 44, "prefill_stage_seconds": {"text_tokens": 5.095799861010164e-05, "audio_features": 0.0009839999984251335, "sequence_build": 3.7500285543501377e-07, "lm_prefix_cache_restore": 5.00003807246685e-07, "stream_base_lm": 0.6754658749996452, "residual_lm": 0.7007892080000602, "lm_prefix_cache_save": 2.28749995585531e-05}, "prefill_text_tokens": 25, "prefill_audio_tokens": 19, "prefill_reference_audio_tokens": 0, "prefill_prompt_audio_tokens": 19, "prefill_lm_prefix_cache": false, "prefill_lm_prefix_tokens": 0, "at": 101565.797174708}}, {"kind": "generation_start", "values": {"at": 101565.797182166, "swap_to_decode_seconds": 7.458002073690295e-06}}, {"kind": "decode_ready", "values": {"at": 101565.987471208, "decode_load_wait_seconds": 4.959001671522856e-06, "decode_load_wait_by_lm": {"base_lm": 4.959001671522856e-06}}}, {"kind": "decode_ready", "values": {"at": 101566.393823583, "decode_load_wait_seconds": 6.874994141981006e-06, "decode_load_wait_by_lm": {"residual_lm": 6.874994141981006e-06}}}, {"kind": "final", "values": {"status": "completed", "generation_seconds": 2.0152789169951575, "audio_seconds": 2.56}}, {"kind": "prefill_cleanup", "values": {"at": 101567.812467583, "prefill_cleanup_wait_seconds": 1.2499949662014842e-06}}], "warmup": false, "index": 8}
{
  "summary": {
    "python": {
      "implementation": "cpython",
      "version": "3.14.2 free-threading build (main, Dec 17 2025, 21:08:58) [Clang 21.1.4 ]",
      "gil_enabled": true
    },
    "variants": [
      {
        "name": "async",
        "flags": {
          "lm_async_decode_load": true,
          "lm_async_prefill_unload": true,
          "prefill_audio_async": true,
          "prefill_audio_queue_size": 2,
          "vae_async_decode": true,
          "vae_decode_max_pending": 2
        },
        "summary": {
          "runs": 5,
          "wall_seconds": {
            "mean": 4.411949325198657,
            "min": 4.199454000001424,
            "max": 4.939013041992439
          },
          "ttfb_seconds": {
            "mean": 1.8348178500018548,
            "min": 1.5678693340014433,
            "max": 2.3679640000045765
          },
          "prefill_seconds": {
            "mean": 1.6438772913970752,
            "min": 1.377313958000741,
            "max": 2.1712453329964774
          },
          "swap_to_decode_seconds": {
            "mean": 8.058399544097483e-06,
            "min": 7.1250105975195765e-06,
            "max": 9.208990377373993e-06
          },
          "decode_load_wait_seconds": {
            "mean": 1.3366801431402564e-05,
            "min": 1.1833995813503861e-05,
            "max": 1.4208999346010387e-05
          },
          "generation_seconds": {
            "mean": 2.0234870418003994,
            "min": 2.0071427920047427,
            "max": 2.0374490419926587
          },
          "audio_seconds": {
            "mean": 2.56,
            "min": 2.56,
            "max": 2.56
          },
          "rtf": {
            "mean": 0.790424625703281,
            "min": 0.7840401531268526,
            "max": 0.7958785320283823
          }
        }
      }
    ]
  }
}
