🚀 Downloading models from HuggingFace: seba/VoxCPM2ANE-Preview

Fetching 215 files:   0%|          | 0/215 [00:00<?, ?it/s]
Fetching 215 files: 100%|██████████| 215/215 [00:00<00:00, 693140.17it/s]

Fetching 168 files:   0%|          | 0/168 [00:00<?, ?it/s]
Fetching 168 files: 100%|██████████| 168/168 [00:00<00:00, 79093.40it/s]
   ✓ Prioritizing compiled model: /Users/seba/.cache/huggingface/hub/models--seba--VoxCPM2ANE-Preview/snapshots/def350ecae1aa3e4028970a5eae8faa7b3800d40/base_lm_multifunction.mlmodelc
   ✓ base_lm default: /Users/seba/.cache/huggingface/hub/models--seba--VoxCPM2ANE-Preview/snapshots/def350ecae1aa3e4028970a5eae8faa7b3800d40/base_lm_multifunction.mlmodelc
   ✓ Prioritizing compiled model: /Users/seba/.cache/huggingface/hub/models--seba--VoxCPM2ANE-Preview/snapshots/def350ecae1aa3e4028970a5eae8faa7b3800d40/residual_lm_fused_multifunction.mlmodelc
   ✓ Prioritizing compiled model: /Users/seba/.cache/huggingface/hub/models--seba--VoxCPM2ANE-Preview/snapshots/def350ecae1aa3e4028970a5eae8faa7b3800d40/locdit_p4_c4.mlmodelc
   ✓ Prioritizing compiled model: /Users/seba/.cache/huggingface/hub/models--seba--VoxCPM2ANE-Preview/snapshots/def350ecae1aa3e4028970a5eae8faa7b3800d40/audio_vae_encoder.mlmodelc
   ✓ Prioritizing compiled model: /Users/seba/.cache/huggingface/hub/models--seba--VoxCPM2ANE-Preview/snapshots/def350ecae1aa3e4028970a5eae8faa7b3800d40/feat_encoder.mlmodelc
   ✓ Prioritizing compiled model: /Users/seba/.cache/huggingface/hub/models--seba--VoxCPM2ANE-Preview/snapshots/def350ecae1aa3e4028970a5eae8faa7b3800d40/audio_vae_decoder_lf4.mlmodelc
   ✓ Prioritizing compiled model: /Users/seba/.cache/huggingface/hub/models--seba--VoxCPM2ANE-Preview/snapshots/def350ecae1aa3e4028970a5eae8faa7b3800d40/fsq_s4.mlmodelc
   ✓ Prioritizing compiled model: /Users/seba/.cache/huggingface/hub/models--seba--VoxCPM2ANE-Preview/snapshots/def350ecae1aa3e4028970a5eae8faa7b3800d40/projections.mlmodelc
Loading CoreML models via VoxCPM2Generator...
CoreML resolved model paths:
  vae_encoder: /Users/seba/.cache/huggingface/hub/models--seba--VoxCPM2ANE-Preview/snapshots/def350ecae1aa3e4028970a5eae8faa7b3800d40/audio_vae_encoder.mlmodelc
  feat_encoder: /Users/seba/.cache/huggingface/hub/models--seba--VoxCPM2ANE-Preview/snapshots/def350ecae1aa3e4028970a5eae8faa7b3800d40/feat_encoder.mlmodelc
  base_lm: /Users/seba/.cache/huggingface/hub/models--seba--VoxCPM2ANE-Preview/snapshots/def350ecae1aa3e4028970a5eae8faa7b3800d40/base_lm_multifunction.mlmodelc
  residual_lm: /Users/seba/.cache/huggingface/hub/models--seba--VoxCPM2ANE-Preview/snapshots/def350ecae1aa3e4028970a5eae8faa7b3800d40/residual_lm_fused_multifunction.mlmodelc
  locdit: /Users/seba/.cache/huggingface/hub/models--seba--VoxCPM2ANE-Preview/snapshots/def350ecae1aa3e4028970a5eae8faa7b3800d40/locdit_p4_c4.mlmodelc
  vae_decoder: /Users/seba/.cache/huggingface/hub/models--seba--VoxCPM2ANE-Preview/snapshots/def350ecae1aa3e4028970a5eae8faa7b3800d40/audio_vae_decoder_lf4.mlmodelc
  fsq: /Users/seba/.cache/huggingface/hub/models--seba--VoxCPM2ANE-Preview/snapshots/def350ecae1aa3e4028970a5eae8faa7b3800d40/fsq_s4.mlmodelc
  projections: /Users/seba/.cache/huggingface/hub/models--seba--VoxCPM2ANE-Preview/snapshots/def350ecae1aa3e4028970a5eae8faa7b3800d40/projections.mlmodelc
✅ Models loaded successfully.
🎤 generate_audio_chunks: mode=continuation, text='Hello Patrick I am Spongebob Squarepants'..., max_len=76, cfg=2.0, steps=10
{"variant": "async", "wall_seconds": 3.6493442919891095, "ttfb_seconds": 1.0415685420011869, "prefill_seconds": 0.3290518330031773, "prefill_stage_seconds": {"text_tokens": 0.00010479199409019202, "audio_features": 0.0008348330011358485, "sequence_build": 8.330098353326321e-07, "lm_prefix_cache_restore": 7.089984137564898e-07, "stream_base_lm": 0.29251129100157414, "residual_lm": 0.03539412499230821, "lm_prefix_cache_save": 0.00020445900736376643}, "swap_to_decode_seconds": 1.0167001164518297e-05, "decode_load_wait_seconds": 0.6435980829846812, "decode_load_wait_by_lm": {"base_lm": 0.6435901249933522, "residual_lm": 7.957991329021752e-06}, "prefill_cleanup_wait_seconds": 2.249988028779626e-06, "generation_seconds": 2.622540249998565, "audio_seconds": 2.56, "rtf": 1.0244297851556894, "chunks": 16, "samples": 122880, "events": [{"kind": "prefill", "values": {"prefill_seconds": 0.3290518330031773, "prefill_tokens": 44, "prefill_stage_seconds": {"text_tokens": 0.00010479199409019202, "audio_features": 0.0008348330011358485, "sequence_build": 8.330098353326321e-07, "lm_prefix_cache_restore": 7.089984137564898e-07, "stream_base_lm": 0.29251129100157414, "residual_lm": 0.03539412499230821, "lm_prefix_cache_save": 0.00020445900736376643}, "prefill_text_tokens": 25, "prefill_audio_tokens": 19, "prefill_reference_audio_tokens": 0, "prefill_prompt_audio_tokens": 19, "prefill_lm_prefix_cache": false, "prefill_lm_prefix_tokens": 0, "at": 101572.551468708}}, {"kind": "generation_start", "values": {"at": 101572.551478875, "swap_to_decode_seconds": 1.0167001164518297e-05}}, {"kind": "decode_ready", "values": {"at": 101573.256339166, "decode_load_wait_seconds": 0.6435901249933522, "decode_load_wait_by_lm": {"base_lm": 0.6435901249933522}}}, {"kind": "decode_ready", "values": {"at": 101573.775223125, "decode_load_wait_seconds": 7.957991329021752e-06, "decode_load_wait_by_lm": {"residual_lm": 7.957991329021752e-06}}}, {"kind": "final", "values": {"status": "completed", "generation_seconds": 2.622540249998565, "audio_seconds": 2.56}}, {"kind": "prefill_cleanup", "values": {"at": 101575.174031875, "prefill_cleanup_wait_seconds": 2.249988028779626e-06}}], "warmup": true, "index": 0}
🎤 generate_audio_chunks: mode=continuation, text='Hello Patrick I am Spongebob Squarepants'..., max_len=76, cfg=2.0, steps=10
{"variant": "async", "wall_seconds": 4.675232583002071, "ttfb_seconds": 1.4431571250024717, "prefill_seconds": 0.7779817920090863, "prefill_stage_seconds": {"text_tokens": 5.77080063521862e-05, "audio_features": 0.0007484590023523197, "sequence_build": 5.409965524449944e-07, "lm_prefix_cache_restore": 7.089984137564898e-07, "stream_base_lm": 0.7371211249992484, "residual_lm": 0.040026957998634316, "lm_prefix_cache_save": 2.5917004677467048e-05}, "swap_to_decode_seconds": 7.333001121878624e-06, "decode_load_wait_seconds": 0.6068941240082495, "decode_load_wait_by_lm": {"base_lm": 0.606886833003955, "residual_lm": 7.291004294529557e-06}, "prefill_cleanup_wait_seconds": 4.207991878502071e-06, "generation_seconds": 3.0438127079978585, "audio_seconds": 2.56, "rtf": 1.1889893390616635, "chunks": 16, "samples": 122880, "events": [{"kind": "prefill", "values": {"prefill_seconds": 0.7779817920090863, "prefill_tokens": 44, "prefill_stage_seconds": {"text_tokens": 5.77080063521862e-05, "audio_features": 0.0007484590023523197, "sequence_build": 5.409965524449944e-07, "lm_prefix_cache_restore": 7.089984137564898e-07, "stream_base_lm": 0.7371211249992484, "residual_lm": 0.040026957998634316, "lm_prefix_cache_save": 2.5917004677467048e-05}, "prefill_text_tokens": 25, "prefill_audio_tokens": 19, "prefill_reference_audio_tokens": 0, "prefill_prompt_audio_tokens": 19, "prefill_lm_prefix_cache": false, "prefill_lm_prefix_tokens": 0, "at": 101576.64257775}}, {"kind": "generation_start", "values": {"at": 101576.642585083, "swap_to_decode_seconds": 7.333001121878624e-06}}, {"kind": "decode_ready", "values": {"at": 101577.307368458, "decode_load_wait_seconds": 0.606886833003955, "decode_load_wait_by_lm": {"base_lm": 0.606886833003955}}}, {"kind": "decode_ready", "values": {"at": 101578.33879075, "decode_load_wait_seconds": 7.291004294529557e-06, "decode_load_wait_by_lm": {"residual_lm": 7.291004294529557e-06}}}, {"kind": "final", "values": {"status": "completed", "generation_seconds": 3.0438127079978585, "audio_seconds": 2.56}}, {"kind": "prefill_cleanup", "values": {"at": 101579.68642025, "prefill_cleanup_wait_seconds": 4.207991878502071e-06}}], "warmup": true, "index": 1}
🎤 generate_audio_chunks: mode=continuation, text='Hello Patrick I am Spongebob Squarepants'..., max_len=76, cfg=2.0, steps=10
{"variant": "async", "wall_seconds": 4.649842541999533, "ttfb_seconds": 1.5210681250027847, "prefill_seconds": 0.9380544169980567, "prefill_stage_seconds": {"text_tokens": 4.133400216232985e-05, "audio_features": 0.0006941659958101809, "sequence_build": 4.5899651013314724e-07, "lm_prefix_cache_restore": 5.409965524449944e-07, "stream_base_lm": 0.8963417500053765, "residual_lm": 0.040951000002678484, "lm_prefix_cache_save": 2.4958993890322745e-05}, "swap_to_decode_seconds": 7.750000804662704e-06, "decode_load_wait_seconds": 0.5298204590071691, "decode_load_wait_by_lm": {"base_lm": 0.5298117920028744, "residual_lm": 8.66700429469347e-06}, "prefill_cleanup_wait_seconds": 2.1659943740814924e-06, "generation_seconds": 2.9940160419937456, "audio_seconds": 2.56, "rtf": 1.1695375164038069, "chunks": 16, "samples": 122880, "events": [{"kind": "prefill", "values": {"prefill_seconds": 0.9380544169980567, "prefill_tokens": 44, "prefill_stage_seconds": {"text_tokens": 4.133400216232985e-05, "audio_features": 0.0006941659958101809, "sequence_build": 4.5899651013314724e-07, "lm_prefix_cache_restore": 5.409965524449944e-07, "stream_base_lm": 0.8963417500053765, "residual_lm": 0.040951000002678484, "lm_prefix_cache_save": 2.4958993890322745e-05}, "prefill_text_tokens": 25, "prefill_audio_tokens": 19, "prefill_reference_audio_tokens": 0, "prefill_prompt_audio_tokens": 19, "prefill_lm_prefix_cache": false, "prefill_lm_prefix_tokens": 0, "at": 101581.478099208}}, {"kind": "generation_start", "values": {"at": 101581.478106958, "swap_to_decode_seconds": 7.750000804662704e-06}}, {"kind": "decode_ready", "values": {"at": 101582.060599625, "decode_load_wait_seconds": 0.5298117920028744, "decode_load_wait_by_lm": {"base_lm": 0.5298117920028744}}}, {"kind": "decode_ready", "values": {"at": 101583.124224833, "decode_load_wait_seconds": 8.66700429469347e-06, "decode_load_wait_by_lm": {"residual_lm": 8.66700429469347e-06}}}, {"kind": "final", "values": {"status": "completed", "generation_seconds": 2.9940160419937456, "audio_seconds": 2.56}}, {"kind": "prefill_cleanup", "values": {"at": 101584.472139, "prefill_cleanup_wait_seconds": 2.1659943740814924e-06}}], "warmup": true, "index": 2}
🎤 generate_audio_chunks: mode=continuation, text='Hello Patrick I am Spongebob Squarepants'..., max_len=76, cfg=2.0, steps=10
{"variant": "async", "wall_seconds": 3.775563124989276, "ttfb_seconds": 1.3492614999995567, "prefill_seconds": 0.5932209169986891, "prefill_stage_seconds": {"text_tokens": 5.3584008128382266e-05, "audio_features": 0.000908499991055578, "sequence_build": 5.830079317092896e-07, "lm_prefix_cache_restore": 6.249902071431279e-07, "stream_base_lm": 0.5523672920098761, "residual_lm": 0.039860290999058634, "lm_prefix_cache_save": 2.9874994652345777e-05}, "swap_to_decode_seconds": 8.916002116166055e-06, "decode_load_wait_seconds": 0.7026093330059666, "decode_load_wait_by_lm": {"base_lm": 0.7026022920035757, "residual_lm": 7.041002390906215e-06}, "prefill_cleanup_wait_seconds": 1.8749997252598405e-06, "generation_seconds": 2.593425750004826, "audio_seconds": 2.56, "rtf": 1.0130569335956352, "chunks": 16, "samples": 122880, "events": [{"kind": "prefill", "values": {"prefill_seconds": 0.5932209169986891, "prefill_tokens": 44, "prefill_stage_seconds": {"text_tokens": 5.3584008128382266e-05, "audio_features": 0.000908499991055578, "sequence_build": 5.830079317092896e-07, "lm_prefix_cache_restore": 6.249902071431279e-07, "stream_base_lm": 0.5523672920098761, "residual_lm": 0.039860290999058634, "lm_prefix_cache_save": 2.9874994652345777e-05}, "prefill_text_tokens": 25, "prefill_audio_tokens": 19, "prefill_reference_audio_tokens": 0, "prefill_prompt_audio_tokens": 19, "prefill_lm_prefix_cache": false, "prefill_lm_prefix_tokens": 0, "at": 101585.783177625}}, {"kind": "generation_start", "values": {"at": 101585.783186541, "swap_to_decode_seconds": 8.916002116166055e-06}}, {"kind": "decode_ready", "values": {"at": 101586.538712958, "decode_load_wait_seconds": 0.7026022920035757, "decode_load_wait_by_lm": {"base_lm": 0.7026022920035757}}}, {"kind": "decode_ready", "values": {"at": 101587.065033666, "decode_load_wait_seconds": 7.041002390906215e-06, "decode_load_wait_by_lm": {"residual_lm": 7.041002390906215e-06}}}, {"kind": "final", "values": {"status": "completed", "generation_seconds": 2.593425750004826, "audio_seconds": 2.56}}, {"kind": "prefill_cleanup", "values": {"at": 101588.376621833, "prefill_cleanup_wait_seconds": 1.8749997252598405e-06}}], "warmup": true, "index": 3}
🎤 generate_audio_chunks: mode=continuation, text='Hello Patrick I am Spongebob Squarepants'..., max_len=76, cfg=2.0, steps=10
{"variant": "async", "wall_seconds": 4.566562541993335, "ttfb_seconds": 1.956620875003864, "prefill_seconds": 1.304126749993884, "prefill_stage_seconds": {"text_tokens": 5.699999746866524e-05, "audio_features": 0.0011797079932875931, "sequence_build": 6.67001586407423e-07, "lm_prefix_cache_restore": 7.080088835209608e-07, "stream_base_lm": 1.262549624996609, "residual_lm": 0.04031154199037701, "lm_prefix_cache_save": 2.7292000595480204e-05}, "swap_to_decode_seconds": 8.333008736371994e-06, "decode_load_wait_seconds": 0.59796479101351, "decode_load_wait_by_lm": {"base_lm": 0.5979579160048161, "residual_lm": 6.875008693896234e-06}, "prefill_cleanup_wait_seconds": 1.2499949662014842e-06, "generation_seconds": 2.5367343339894433, "audio_seconds": 2.56, "rtf": 0.9909118492146263, "chunks": 16, "samples": 122880, "events": [{"kind": "prefill", "values": {"prefill_seconds": 1.304126749993884, "prefill_tokens": 44, "prefill_stage_seconds": {"text_tokens": 5.699999746866524e-05, "audio_features": 0.0011797079932875931, "sequence_build": 6.67001586407423e-07, "lm_prefix_cache_restore": 7.080088835209608e-07, "stream_base_lm": 1.262549624996609, "residual_lm": 0.04031154199037701, "lm_prefix_cache_save": 2.7292000595480204e-05}, "prefill_text_tokens": 25, "prefill_audio_tokens": 19, "prefill_reference_audio_tokens": 0, "prefill_prompt_audio_tokens": 19, "prefill_lm_prefix_cache": false, "prefill_lm_prefix_tokens": 0, "at": 101590.269755583}}, {"kind": "generation_start", "values": {"at": 101590.269763916, "swap_to_decode_seconds": 8.333008736371994e-06}}, {"kind": "decode_ready", "values": {"at": 101590.921700916, "decode_load_wait_seconds": 0.5979579160048161, "decode_load_wait_by_lm": {"base_lm": 0.5979579160048161}}}, {"kind": "decode_ready", "values": {"at": 101591.421735375, "decode_load_wait_seconds": 6.875008693896234e-06, "decode_load_wait_by_lm": {"residual_lm": 6.875008693896234e-06}}}, {"kind": "final", "values": {"status": "completed", "generation_seconds": 2.5367343339894433, "audio_seconds": 2.56}}, {"kind": "prefill_cleanup", "values": {"at": 101592.806504916, "prefill_cleanup_wait_seconds": 1.2499949662014842e-06}}], "warmup": false, "index": 4}
🎤 generate_audio_chunks: mode=continuation, text='Hello Patrick I am Spongebob Squarepants'..., max_len=76, cfg=2.0, steps=10
{"variant": "async", "wall_seconds": 3.9459129580063745, "ttfb_seconds": 1.3455859170062467, "prefill_seconds": 0.6968757080030628, "prefill_stage_seconds": {"text_tokens": 4.425000224728137e-05, "audio_features": 0.0007545830012531951, "sequence_build": 5.420006345957518e-07, "lm_prefix_cache_restore": 5.829933797940612e-07, "stream_base_lm": 0.6588185000000522, "residual_lm": 0.037235750001855195, "lm_prefix_cache_save": 2.1375002688728273e-05}, "swap_to_decode_seconds": 6.66698906570673e-06, "decode_load_wait_seconds": 0.5968990830006078, "decode_load_wait_by_lm": {"base_lm": 0.5968863329908345, "residual_lm": 1.2750009773299098e-05}, "prefill_cleanup_wait_seconds": 2.374988980591297e-06, "generation_seconds": 2.4615718750137603, "audio_seconds": 2.56, "rtf": 0.9615515136772501, "chunks": 16, "samples": 122880, "events": [{"kind": "prefill", "values": {"prefill_seconds": 0.6968757080030628, "prefill_tokens": 44, "prefill_stage_seconds": {"text_tokens": 4.425000224728137e-05, "audio_features": 0.0007545830012531951, "sequence_build": 5.420006345957518e-07, "lm_prefix_cache_restore": 5.829933797940612e-07, "stream_base_lm": 0.6588185000000522, "residual_lm": 0.037235750001855195, "lm_prefix_cache_save": 2.1375002688728273e-05}, "prefill_text_tokens": 25, "prefill_audio_tokens": 19, "prefill_reference_audio_tokens": 0, "prefill_prompt_audio_tokens": 19, "prefill_lm_prefix_cache": false, "prefill_lm_prefix_tokens": 0, "at": 101594.229006416}}, {"kind": "generation_start", "values": {"at": 101594.229013083, "swap_to_decode_seconds": 6.66698906570673e-06}}, {"kind": "decode_ready", "values": {"at": 101594.877300041, "decode_load_wait_seconds": 0.5968863329908345, "decode_load_wait_by_lm": {"base_lm": 0.5968863329908345}}}, {"kind": "decode_ready", "values": {"at": 101595.34449175, "decode_load_wait_seconds": 1.2750009773299098e-05, "decode_load_wait_by_lm": {"residual_lm": 1.2750009773299098e-05}}}, {"kind": "final", "values": {"status": "completed", "generation_seconds": 2.4615718750137603, "audio_seconds": 2.56}}, {"kind": "prefill_cleanup", "values": {"at": 101596.69059675, "prefill_cleanup_wait_seconds": 2.374988980591297e-06}}], "warmup": false, "index": 5}
🎤 generate_audio_chunks: mode=continuation, text='Hello Patrick I am Spongebob Squarepants'..., max_len=76, cfg=2.0, steps=10
{"variant": "async", "wall_seconds": 3.9045262080035172, "ttfb_seconds": 1.4292014579987153, "prefill_seconds": 0.7510089999996126, "prefill_stage_seconds": {"text_tokens": 5.120900459587574e-05, "audio_features": 0.0008563749870518222, "sequence_build": 5.410111043602228e-07, "lm_prefix_cache_restore": 5.839974619448185e-07, "stream_base_lm": 0.7144558330037398, "residual_lm": 0.035622291994513944, "lm_prefix_cache_save": 2.1957996068522334e-05}, "swap_to_decode_seconds": 7.5830030255019665e-06, "decode_load_wait_seconds": 0.6272970420104684, "decode_load_wait_by_lm": {"base_lm": 0.6272901670017745, "residual_lm": 6.875008693896234e-06}, "prefill_cleanup_wait_seconds": 2.3329921532422304e-06, "generation_seconds": 2.488462791996426, "audio_seconds": 2.56, "rtf": 0.9720557781236039, "chunks": 16, "samples": 122880, "events": [{"kind": "prefill", "values": {"prefill_seconds": 0.7510089999996126, "prefill_tokens": 44, "prefill_stage_seconds": {"text_tokens": 5.120900459587574e-05, "audio_features": 0.0008563749870518222, "sequence_build": 5.410111043602228e-07, "lm_prefix_cache_restore": 5.839974619448185e-07, "stream_base_lm": 0.7144558330037398, "residual_lm": 0.035622291994513944, "lm_prefix_cache_save": 2.1957996068522334e-05}, "prefill_text_tokens": 25, "prefill_audio_tokens": 19, "prefill_reference_audio_tokens": 0, "prefill_prompt_audio_tokens": 19, "prefill_lm_prefix_cache": false, "prefill_lm_prefix_tokens": 0, "at": 101598.229122208}}, {"kind": "generation_start", "values": {"at": 101598.229129791, "swap_to_decode_seconds": 7.5830030255019665e-06}}, {"kind": "decode_ready", "values": {"at": 101598.906932208, "decode_load_wait_seconds": 0.6272901670017745, "decode_load_wait_by_lm": {"base_lm": 0.6272901670017745}}}, {"kind": "decode_ready", "values": {"at": 101599.375520833, "decode_load_wait_seconds": 6.875008693896234e-06, "decode_load_wait_by_lm": {"residual_lm": 6.875008693896234e-06}}}, {"kind": "final", "values": {"status": "completed", "generation_seconds": 2.488462791996426, "audio_seconds": 2.56}}, {"kind": "prefill_cleanup", "values": {"at": 101600.717603083, "prefill_cleanup_wait_seconds": 2.3329921532422304e-06}}], "warmup": false, "index": 6}
🎤 generate_audio_chunks: mode=continuation, text='Hello Patrick I am Spongebob Squarepants'..., max_len=76, cfg=2.0, steps=10
{"variant": "async", "wall_seconds": 4.612633665994508, "ttfb_seconds": 1.4123292500007665, "prefill_seconds": 0.7929078340093838, "prefill_stage_seconds": {"text_tokens": 5.2584000513888896e-05, "audio_features": 0.000763332995120436, "sequence_build": 3.7500285543501377e-07, "lm_prefix_cache_restore": 5.00003807246685e-07, "stream_base_lm": 0.7513977500057081, "residual_lm": 0.04066624998813495, "lm_prefix_cache_save": 2.6875000912696123e-05}, "swap_to_decode_seconds": 7.291004294529557e-06, "decode_load_wait_seconds": 0.5643435830133967, "decode_load_wait_by_lm": {"base_lm": 0.5643364999996265, "residual_lm": 7.08301377017051e-06}, "prefill_cleanup_wait_seconds": 2.6670022634789348e-06, "generation_seconds": 3.1325883749959758, "audio_seconds": 2.56, "rtf": 1.223667333982803, "chunks": 16, "samples": 122880, "events": [{"kind": "prefill", "values": {"prefill_seconds": 0.7929078340093838, "prefill_tokens": 44, "prefill_stage_seconds": {"text_tokens": 5.2584000513888896e-05, "audio_features": 0.000763332995120436, "sequence_build": 3.7500285543501377e-07, "lm_prefix_cache_restore": 5.00003807246685e-07, "stream_base_lm": 0.7513977500057081, "residual_lm": 0.04066624998813495, "lm_prefix_cache_save": 2.6875000912696123e-05}, "prefill_text_tokens": 25, "prefill_audio_tokens": 19, "prefill_reference_audio_tokens": 0, "prefill_prompt_audio_tokens": 19, "prefill_lm_prefix_cache": false, "prefill_lm_prefix_tokens": 0, "at": 101602.175779375}}, {"kind": "generation_start", "values": {"at": 101602.175786666, "swap_to_decode_seconds": 7.291004294529557e-06}}, {"kind": "decode_ready", "values": {"at": 101602.794674083, "decode_load_wait_seconds": 0.5643364999996265, "decode_load_wait_by_lm": {"base_lm": 0.5643364999996265}}}, {"kind": "decode_ready", "values": {"at": 101603.937483541, "decode_load_wait_seconds": 7.08301377017051e-06, "decode_load_wait_by_lm": {"residual_lm": 7.08301377017051e-06}}}, {"kind": "final", "values": {"status": "completed", "generation_seconds": 3.1325883749959758, "audio_seconds": 2.56}}, {"kind": "prefill_cleanup", "values": {"at": 101605.30838975, "prefill_cleanup_wait_seconds": 2.6670022634789348e-06}}], "warmup": false, "index": 7}
🎤 generate_audio_chunks: mode=continuation, text='Hello Patrick I am Spongebob Squarepants'..., max_len=76, cfg=2.0, steps=10
{"variant": "async", "wall_seconds": 3.9235550419980427, "ttfb_seconds": 1.0130546249856707, "prefill_seconds": 0.38634545799868647, "prefill_stage_seconds": {"text_tokens": 4.1457999031990767e-05, "audio_features": 0.0007207089947769418, "sequence_build": 5.00003807246685e-07, "lm_prefix_cache_restore": 4.5799242798238993e-07, "stream_base_lm": 0.3416778329992667, "residual_lm": 0.043880125012947246, "lm_prefix_cache_save": 2.4208988179452717e-05}, "swap_to_decode_seconds": 7.915994501672685e-06, "decode_load_wait_seconds": 0.5726431260118261, "decode_load_wait_by_lm": {"base_lm": 0.5726365420123329, "residual_lm": 6.583999493159354e-06}, "prefill_cleanup_wait_seconds": 2.8750073397532105e-06, "generation_seconds": 3.0067717089987127, "audio_seconds": 2.56, "rtf": 1.1745201988276222, "chunks": 16, "samples": 122880, "events": [{"kind": "prefill", "values": {"prefill_seconds": 0.38634545799868647, "prefill_tokens": 44, "prefill_stage_seconds": {"text_tokens": 4.1457999031990767e-05, "audio_features": 0.0007207089947769418, "sequence_build": 5.00003807246685e-07, "lm_prefix_cache_restore": 4.5799242798238993e-07, "stream_base_lm": 0.3416778329992667, "residual_lm": 0.043880125012947246, "lm_prefix_cache_save": 2.4208988179452717e-05}, "prefill_text_tokens": 25, "prefill_audio_tokens": 19, "prefill_reference_audio_tokens": 0, "prefill_prompt_audio_tokens": 19, "prefill_lm_prefix_cache": false, "prefill_lm_prefix_tokens": 0, "at": 101606.38192475}}, {"kind": "generation_start", "values": {"at": 101606.381932666, "swap_to_decode_seconds": 7.915994501672685e-06}}, {"kind": "decode_ready", "values": {"at": 101607.008121083, "decode_load_wait_seconds": 0.5726365420123329, "decode_load_wait_by_lm": {"base_lm": 0.5726365420123329}}}, {"kind": "decode_ready", "values": {"at": 101608.016837791, "decode_load_wait_seconds": 6.583999493159354e-06, "decode_load_wait_by_lm": {"residual_lm": 6.583999493159354e-06}}}, {"kind": "final", "values": {"status": "completed", "generation_seconds": 3.0067717089987127, "audio_seconds": 2.56}}, {"kind": "prefill_cleanup", "values": {"at": 101609.388720208, "prefill_cleanup_wait_seconds": 2.8750073397532105e-06}}], "warmup": false, "index": 8}
{
  "summary": {
    "python": {
      "implementation": "cpython",
      "version": "3.14.2 free-threading build (main, Dec 17 2025, 21:08:58) [Clang 21.1.4 ]",
      "gil_enabled": false
    },
    "variants": [
      {
        "name": "async",
        "flags": {
          "lm_async_decode_load": true,
          "lm_async_prefill_unload": true,
          "prefill_audio_async": true,
          "prefill_audio_queue_size": 2,
          "vae_async_decode": true,
          "vae_decode_max_pending": 2
        },
        "summary": {
          "runs": 5,
          "wall_seconds": {
            "mean": 4.190638083199156,
            "min": 3.9045262080035172,
            "max": 4.612633665994508
          },
          "ttfb_seconds": {
            "mean": 1.4313584249990527,
            "min": 1.0130546249856707,
            "max": 1.956620875003864
          },
          "prefill_seconds": {
            "mean": 0.7862529500009259,
            "min": 0.38634545799868647,
            "max": 1.304126749993884
          },
          "swap_to_decode_seconds": {
            "mean": 7.557999924756586e-06,
            "min": 6.66698906570673e-06,
            "max": 8.333008736371994e-06
          },
          "decode_load_wait_seconds": {
            "mean": 0.5918295250099618,
            "min": 0.5643435830133967,
            "max": 0.6272970420104684
          },
          "generation_seconds": {
            "mean": 2.7252258169988637,
            "min": 2.4615718750137603,
            "max": 3.1325883749959758
          },
          "audio_seconds": {
            "mean": 2.56,
            "min": 2.56,
            "max": 2.56
          },
          "rtf": {
            "mean": 1.064541334765181,
            "min": 0.9615515136772501,
            "max": 1.223667333982803
          }
        }
      }
    ]
  }
}
