🚀 Downloading models from HuggingFace: seba/VoxCPM2ANE-Preview

Fetching 215 files:   0%|          | 0/215 [00:00<?, ?it/s]
Fetching 215 files: 100%|██████████| 215/215 [00:00<00:00, 28192.81it/s]

Fetching 168 files:   0%|          | 0/168 [00:00<?, ?it/s]
Fetching 168 files: 100%|██████████| 168/168 [00:00<00:00, 17494.49it/s]
   ✓ Prioritizing compiled model: /Users/seba/.cache/huggingface/hub/models--seba--VoxCPM2ANE-Preview/snapshots/def350ecae1aa3e4028970a5eae8faa7b3800d40/base_lm_multifunction.mlmodelc
   ✓ base_lm default: /Users/seba/.cache/huggingface/hub/models--seba--VoxCPM2ANE-Preview/snapshots/def350ecae1aa3e4028970a5eae8faa7b3800d40/base_lm_multifunction.mlmodelc
   ✓ Prioritizing compiled model: /Users/seba/.cache/huggingface/hub/models--seba--VoxCPM2ANE-Preview/snapshots/def350ecae1aa3e4028970a5eae8faa7b3800d40/residual_lm_fused_multifunction.mlmodelc
   ✓ Prioritizing compiled model: /Users/seba/.cache/huggingface/hub/models--seba--VoxCPM2ANE-Preview/snapshots/def350ecae1aa3e4028970a5eae8faa7b3800d40/locdit_p4_c4.mlmodelc
   ✓ Prioritizing compiled model: /Users/seba/.cache/huggingface/hub/models--seba--VoxCPM2ANE-Preview/snapshots/def350ecae1aa3e4028970a5eae8faa7b3800d40/audio_vae_encoder.mlmodelc
   ✓ Prioritizing compiled model: /Users/seba/.cache/huggingface/hub/models--seba--VoxCPM2ANE-Preview/snapshots/def350ecae1aa3e4028970a5eae8faa7b3800d40/feat_encoder.mlmodelc
   ✓ Prioritizing compiled model: /Users/seba/.cache/huggingface/hub/models--seba--VoxCPM2ANE-Preview/snapshots/def350ecae1aa3e4028970a5eae8faa7b3800d40/audio_vae_decoder_lf4.mlmodelc
   ✓ Prioritizing compiled model: /Users/seba/.cache/huggingface/hub/models--seba--VoxCPM2ANE-Preview/snapshots/def350ecae1aa3e4028970a5eae8faa7b3800d40/fsq_s4.mlmodelc
   ✓ Prioritizing compiled model: /Users/seba/.cache/huggingface/hub/models--seba--VoxCPM2ANE-Preview/snapshots/def350ecae1aa3e4028970a5eae8faa7b3800d40/projections.mlmodelc
Loading CoreML models via VoxCPM2Generator...
CoreML resolved model paths:
  vae_encoder: /Users/seba/.cache/huggingface/hub/models--seba--VoxCPM2ANE-Preview/snapshots/def350ecae1aa3e4028970a5eae8faa7b3800d40/audio_vae_encoder.mlmodelc
  feat_encoder: /Users/seba/.cache/huggingface/hub/models--seba--VoxCPM2ANE-Preview/snapshots/def350ecae1aa3e4028970a5eae8faa7b3800d40/feat_encoder.mlmodelc
  base_lm: /Users/seba/.cache/huggingface/hub/models--seba--VoxCPM2ANE-Preview/snapshots/def350ecae1aa3e4028970a5eae8faa7b3800d40/base_lm_multifunction.mlmodelc
  residual_lm: /Users/seba/.cache/huggingface/hub/models--seba--VoxCPM2ANE-Preview/snapshots/def350ecae1aa3e4028970a5eae8faa7b3800d40/residual_lm_fused_multifunction.mlmodelc
  locdit: /Users/seba/.cache/huggingface/hub/models--seba--VoxCPM2ANE-Preview/snapshots/def350ecae1aa3e4028970a5eae8faa7b3800d40/locdit_p4_c4.mlmodelc
  vae_decoder: /Users/seba/.cache/huggingface/hub/models--seba--VoxCPM2ANE-Preview/snapshots/def350ecae1aa3e4028970a5eae8faa7b3800d40/audio_vae_decoder_lf4.mlmodelc
  fsq: /Users/seba/.cache/huggingface/hub/models--seba--VoxCPM2ANE-Preview/snapshots/def350ecae1aa3e4028970a5eae8faa7b3800d40/fsq_s4.mlmodelc
  projections: /Users/seba/.cache/huggingface/hub/models--seba--VoxCPM2ANE-Preview/snapshots/def350ecae1aa3e4028970a5eae8faa7b3800d40/projections.mlmodelc
✅ Models loaded successfully.
🎤 generate_audio_chunks: mode=continuation, text='Hello Patrick I am Spongebob Squarepants'..., max_len=76, cfg=2.0, steps=10
{"variant": "async", "wall_seconds": 4.5400899999949615, "ttfb_seconds": 2.145397874992341, "first_ar_iteration_wall_seconds": 2.2408106249931734, "prefill_seconds": 1.409164167009294, "prefill_stage_seconds": {"text_tokens": 6.362500425893813e-05, "audio_features": 0.0034422080061631277, "sequence_build": 7.919879863038659e-07, "lm_prefix_cache_restore": 5.830079317092896e-07, "stream_base_lm": 0.5057837920030579, "residual_lm": 0.8998497079883236, "lm_prefix_cache_save": 2.3167012841440737e-05}, "swap_to_decode_seconds": 1.4749995898455381e-05, "decode_load_wait_seconds": 1.5124998753890395e-05, "decode_load_wait_by_lm": {"base_lm": 6.707996362820268e-06, "residual_lm": 8.417002391070127e-06}, "prefill_cleanup_wait_seconds": 1.791995600797236e-06, "first_ar_iteration_seconds": 0.8186659170023631, "generation_seconds": 2.2404242920019897, "generation_seconds_excluding_decode_wait": 2.240409167003236, "audio_seconds": 2.56, "rtf": 0.8751657390632772, "rtf_excluding_decode_wait": 0.875159830860639, "chunks": 16, "samples": 122880, "events": [{"kind": "prefill", "values": {"prefill_seconds": 1.409164167009294, "prefill_tokens": 44, "prefill_stage_seconds": {"text_tokens": 6.362500425893813e-05, "audio_features": 0.0034422080061631277, "sequence_build": 7.919879863038659e-07, "lm_prefix_cache_restore": 5.830079317092896e-07, "stream_base_lm": 0.5057837920030579, "residual_lm": 0.8998497079883236, "lm_prefix_cache_save": 2.3167012841440737e-05}, "prefill_text_tokens": 25, "prefill_audio_tokens": 19, "prefill_reference_audio_tokens": 0, "prefill_prompt_audio_tokens": 19, "prefill_lm_prefix_cache": false, "prefill_lm_prefix_tokens": 0, "at": 102392.527742458}}, {"kind": "generation_start", "values": {"at": 102392.527757208, "swap_to_decode_seconds": 1.4749995898455381e-05}}, {"kind": "decode_ready", "values": {"at": 102393.2510015, "decode_load_wait_seconds": 6.707996362820268e-06, "decode_load_wait_by_lm": {"base_lm": 6.707996362820268e-06}}}, {"kind": "decode_ready", "values": {"at": 102393.32960525, "decode_load_wait_seconds": 8.417002391070127e-06, "decode_load_wait_by_lm": {"residual_lm": 8.417002391070127e-06}}}, {"kind": "first_ar_iteration", "values": {"at": 102393.346423125, "first_ar_iteration_seconds": 0.8186659170023631}}, {"kind": "final", "values": {"status": "completed", "generation_seconds": 2.2404242920019897, "audio_seconds": 2.56}}, {"kind": "prefill_cleanup", "values": {"at": 102394.768192041, "prefill_cleanup_wait_seconds": 1.791995600797236e-06}}], "warmup": true, "index": 0}
🎤 generate_audio_chunks: mode=continuation, text='Hello Patrick I am Spongebob Squarepants'..., max_len=76, cfg=2.0, steps=10
{"variant": "async", "wall_seconds": 4.586692541008233, "ttfb_seconds": 1.7270078750007087, "first_ar_iteration_wall_seconds": 2.118193416012218, "prefill_seconds": 1.5456508339993889, "prefill_stage_seconds": {"text_tokens": 7.204199209809303e-05, "audio_features": 0.015260208005202003, "sequence_build": 8.33999365568161e-07, "lm_prefix_cache_restore": 9.57996235229075e-07, "stream_base_lm": 0.7689321670040954, "residual_lm": 0.7613582500052871, "lm_prefix_cache_save": 2.5582994567230344e-05}, "swap_to_decode_seconds": 8.749993867240846e-06, "decode_load_wait_seconds": 1.2998993042856455e-05, "decode_load_wait_by_lm": {"base_lm": 5.790992872789502e-06, "residual_lm": 7.208000170066953e-06}, "prefill_cleanup_wait_seconds": 1.4169927453622222e-06, "first_ar_iteration_seconds": 0.5722781250078697, "generation_seconds": 1.9791675839951495, "generation_seconds_excluding_decode_wait": 1.9791545850021066, "audio_seconds": 2.56, "rtf": 0.7731123374981053, "rtf_excluding_decode_wait": 0.7731072597664479, "chunks": 16, "samples": 122880, "events": [{"kind": "prefill", "values": {"prefill_seconds": 1.5456508339993889, "prefill_tokens": 44, "prefill_stage_seconds": {"text_tokens": 7.204199209809303e-05, "audio_features": 0.015260208005202003, "sequence_build": 8.33999365568161e-07, "lm_prefix_cache_restore": 9.57996235229075e-07, "stream_base_lm": 0.7689321670040954, "residual_lm": 0.7613582500052871, "lm_prefix_cache_save": 2.5582994567230344e-05}, "prefill_text_tokens": 25, "prefill_audio_tokens": 19, "prefill_reference_audio_tokens": 0, "prefill_prompt_audio_tokens": 19, "prefill_lm_prefix_cache": false, "prefill_lm_prefix_tokens": 0, "at": 102397.191717416}}, {"kind": "generation_start", "values": {"at": 102397.191726166, "swap_to_decode_seconds": 8.749993867240846e-06}}, {"kind": "decode_ready", "values": {"at": 102397.372807333, "decode_load_wait_seconds": 5.790992872789502e-06, "decode_load_wait_by_lm": {"base_lm": 5.790992872789502e-06}}}, {"kind": "decode_ready", "values": {"at": 102397.74808675, "decode_load_wait_seconds": 7.208000170066953e-06, "decode_load_wait_by_lm": {"residual_lm": 7.208000170066953e-06}}}, {"kind": "first_ar_iteration", "values": {"at": 102397.764004291, "first_ar_iteration_seconds": 0.5722781250078697}}, {"kind": "final", "values": {"status": "completed", "generation_seconds": 1.9791675839951495, "audio_seconds": 2.56}}, {"kind": "prefill_cleanup", "values": {"at": 102399.170904541, "prefill_cleanup_wait_seconds": 1.4169927453622222e-06}}], "warmup": true, "index": 1}
🎤 generate_audio_chunks: mode=continuation, text='Hello Patrick I am Spongebob Squarepants'..., max_len=76, cfg=2.0, steps=10
{"variant": "async", "wall_seconds": 4.654620708999573, "ttfb_seconds": 2.043508041999303, "first_ar_iteration_wall_seconds": 2.453846208998584, "prefill_seconds": 1.8154748340020888, "prefill_stage_seconds": {"text_tokens": 5.4042000556364655e-05, "audio_features": 0.007989457997609861, "sequence_build": 8.33999365568161e-07, "lm_prefix_cache_restore": 6.660120561718941e-07, "stream_base_lm": 0.8125283339904854, "residual_lm": 0.9947939580015372, "lm_prefix_cache_save": 0.00010654200741555542}, "swap_to_decode_seconds": 0.00012399999832268804, "decode_load_wait_seconds": 1.7124999430961907e-05, "decode_load_wait_by_lm": {"base_lm": 8.500006515532732e-06, "residual_lm": 8.624992915429175e-06}, "prefill_cleanup_wait_seconds": 7.919879863038659e-07, "first_ar_iteration_seconds": 0.6378691249992698, "generation_seconds": 2.108122165998793, "generation_seconds_excluding_decode_wait": 2.1081050409993622, "audio_seconds": 2.56, "rtf": 0.8234852210932786, "rtf_excluding_decode_wait": 0.8234785316403759, "chunks": 16, "samples": 122880, "events": [{"kind": "prefill", "values": {"prefill_seconds": 1.8154748340020888, "prefill_tokens": 44, "prefill_stage_seconds": {"text_tokens": 5.4042000556364655e-05, "audio_features": 0.007989457997609861, "sequence_build": 8.33999365568161e-07, "lm_prefix_cache_restore": 6.660120561718941e-07, "stream_base_lm": 0.8125283339904854, "residual_lm": 0.9947939580015372, "lm_prefix_cache_save": 0.00010654200741555542}, "prefill_text_tokens": 25, "prefill_audio_tokens": 19, "prefill_reference_audio_tokens": 0, "prefill_prompt_audio_tokens": 19, "prefill_lm_prefix_cache": false, "prefill_lm_prefix_tokens": 0, "at": 102402.048456}}, {"kind": "generation_start", "values": {"at": 102402.04858, "swap_to_decode_seconds": 0.00012399999832268804}}, {"kind": "decode_ready", "values": {"at": 102402.276089333, "decode_load_wait_seconds": 8.500006515532732e-06, "decode_load_wait_by_lm": {"base_lm": 8.500006515532732e-06}}}, {"kind": "decode_ready", "values": {"at": 102402.670205208, "decode_load_wait_seconds": 8.624992915429175e-06, "decode_load_wait_by_lm": {"residual_lm": 8.624992915429175e-06}}}, {"kind": "first_ar_iteration", "values": {"at": 102402.686449125, "first_ar_iteration_seconds": 0.6378691249992698}}, {"kind": "final", "values": {"status": "completed", "generation_seconds": 2.108122165998793, "audio_seconds": 2.56}}, {"kind": "prefill_cleanup", "values": {"at": 102404.156708041, "prefill_cleanup_wait_seconds": 7.919879863038659e-07}}], "warmup": true, "index": 2}
🎤 generate_audio_chunks: mode=continuation, text='Hello Patrick I am Spongebob Squarepants'..., max_len=76, cfg=2.0, steps=10
{"variant": "async", "wall_seconds": 4.810839291996672, "ttfb_seconds": 1.790522957991925, "first_ar_iteration_wall_seconds": 2.2655011669994565, "prefill_seconds": 1.5751138330087997, "prefill_stage_seconds": {"text_tokens": 6.150000263005495e-05, "audio_features": 0.0008457499934593216, "sequence_build": 4.580069798976183e-07, "lm_prefix_cache_restore": 5.00003807246685e-07, "stream_base_lm": 0.7489392499992391, "residual_lm": 0.8252415839961031, "lm_prefix_cache_save": 2.4583001504652202e-05}, "swap_to_decode_seconds": 8.791990694589913e-06, "decode_load_wait_seconds": 2.4791006580926478e-05, "decode_load_wait_by_lm": {"base_lm": 7.333001121878624e-06, "residual_lm": 1.7458005459047854e-05}, "prefill_cleanup_wait_seconds": 1.2920063454657793e-06, "first_ar_iteration_seconds": 0.6900527920079185, "generation_seconds": 2.1737093330011703, "generation_seconds_excluding_decode_wait": 2.1736845419945894, "audio_seconds": 2.56, "rtf": 0.8491052082035822, "rtf_excluding_decode_wait": 0.8490955242166365, "chunks": 16, "samples": 122880, "events": [{"kind": "prefill", "values": {"prefill_seconds": 1.5751138330087997, "prefill_tokens": 44, "prefill_stage_seconds": {"text_tokens": 6.150000263005495e-05, "audio_features": 0.0008457499934593216, "sequence_build": 4.580069798976183e-07, "lm_prefix_cache_restore": 5.00003807246685e-07, "stream_base_lm": 0.7489392499992391, "residual_lm": 0.8252415839961031, "lm_prefix_cache_save": 2.4583001504652202e-05}, "prefill_text_tokens": 25, "prefill_audio_tokens": 19, "prefill_reference_audio_tokens": 0, "prefill_prompt_audio_tokens": 19, "prefill_lm_prefix_cache": false, "prefill_lm_prefix_tokens": 0, "at": 102406.462764291}}, {"kind": "generation_start", "values": {"at": 102406.462773083, "swap_to_decode_seconds": 8.791990694589913e-06}}, {"kind": "decode_ready", "values": {"at": 102406.677839458, "decode_load_wait_seconds": 7.333001121878624e-06, "decode_load_wait_by_lm": {"base_lm": 7.333001121878624e-06}}}, {"kind": "decode_ready", "values": {"at": 102407.136808541, "decode_load_wait_seconds": 1.7458005459047854e-05, "decode_load_wait_by_lm": {"residual_lm": 1.7458005459047854e-05}}}, {"kind": "first_ar_iteration", "values": {"at": 102407.152825875, "first_ar_iteration_seconds": 0.6900527920079185}}, {"kind": "final", "values": {"status": "completed", "generation_seconds": 2.1737093330011703, "audio_seconds": 2.56}}, {"kind": "prefill_cleanup", "values": {"at": 102408.636494708, "prefill_cleanup_wait_seconds": 1.2920063454657793e-06}}], "warmup": true, "index": 3}
🎤 generate_audio_chunks: mode=continuation, text='Hello Patrick I am Spongebob Squarepants'..., max_len=76, cfg=2.0, steps=10
{"variant": "async", "wall_seconds": 4.169485624996014, "ttfb_seconds": 1.5978502090001712, "first_ar_iteration_wall_seconds": 2.0075775000004796, "prefill_seconds": 1.3951582080044318, "prefill_stage_seconds": {"text_tokens": 0.0001059159985743463, "audio_features": 0.0008415000047534704, "sequence_build": 5.839974619448185e-07, "lm_prefix_cache_restore": 6.250047590583563e-07, "stream_base_lm": 0.5749364579969551, "residual_lm": 0.8192466250038706, "lm_prefix_cache_save": 2.6291992980986834e-05}, "swap_to_decode_seconds": 9.374998626299202e-06, "decode_load_wait_seconds": 1.4541990822181106e-05, "decode_load_wait_by_lm": {"base_lm": 6.749993190169334e-06, "residual_lm": 7.791997632011771e-06}, "prefill_cleanup_wait_seconds": 9.57996235229075e-07, "first_ar_iteration_seconds": 0.611986457995954, "generation_seconds": 2.0623004169901833, "generation_seconds_excluding_decode_wait": 2.062285874999361, "audio_seconds": 2.56, "rtf": 0.8055861003867903, "rtf_excluding_decode_wait": 0.8055804199216254, "chunks": 16, "samples": 122880, "events": [{"kind": "prefill", "values": {"prefill_seconds": 1.3951582080044318, "prefill_tokens": 44, "prefill_stage_seconds": {"text_tokens": 0.0001059159985743463, "audio_features": 0.0008415000047534704, "sequence_build": 5.839974619448185e-07, "lm_prefix_cache_restore": 6.250047590583563e-07, "stream_base_lm": 0.5749364579969551, "residual_lm": 0.8192466250038706, "lm_prefix_cache_save": 2.6291992980986834e-05}, "prefill_text_tokens": 25, "prefill_audio_tokens": 19, "prefill_reference_audio_tokens": 0, "prefill_prompt_audio_tokens": 19, "prefill_lm_prefix_cache": false, "prefill_lm_prefix_tokens": 0, "at": 102411.093828833}}, {"kind": "generation_start", "values": {"at": 102411.093838208, "swap_to_decode_seconds": 9.374998626299202e-06}}, {"kind": "decode_ready", "values": {"at": 102411.29608975, "decode_load_wait_seconds": 6.749993190169334e-06, "decode_load_wait_by_lm": {"base_lm": 6.749993190169334e-06}}}, {"kind": "decode_ready", "values": {"at": 102411.689569375, "decode_load_wait_seconds": 7.791997632011771e-06, "decode_load_wait_by_lm": {"residual_lm": 7.791997632011771e-06}}}, {"kind": "first_ar_iteration", "values": {"at": 102411.705824666, "first_ar_iteration_seconds": 0.611986457995954}}, {"kind": "final", "values": {"status": "completed", "generation_seconds": 2.0623004169901833, "audio_seconds": 2.56}}, {"kind": "prefill_cleanup", "values": {"at": 102413.156145208, "prefill_cleanup_wait_seconds": 9.57996235229075e-07}}], "warmup": false, "index": 4}
🎤 generate_audio_chunks: mode=continuation, text='Hello Patrick I am Spongebob Squarepants'..., max_len=76, cfg=2.0, steps=10
{"variant": "async", "wall_seconds": 5.178211000005831, "ttfb_seconds": 2.5838818330084905, "first_ar_iteration_wall_seconds": 3.0431793330062646, "prefill_seconds": 2.387998417005292, "prefill_stage_seconds": {"text_tokens": 4.6375003876164556e-05, "audio_features": 0.0009022500016726553, "sequence_build": 3.3299147617071867e-07, "lm_prefix_cache_restore": 4.590110620483756e-07, "stream_base_lm": 1.5927539999975124, "residual_lm": 0.7942674160003662, "lm_prefix_cache_save": 2.733399742282927e-05}, "swap_to_decode_seconds": 8.083006832748652e-06, "decode_load_wait_seconds": 1.624900323804468e-05, "decode_load_wait_by_lm": {"base_lm": 7.166003342717886e-06, "residual_lm": 9.082999895326793e-06}, "prefill_cleanup_wait_seconds": 7.079943316057324e-07, "first_ar_iteration_seconds": 0.6549599999998463, "generation_seconds": 2.0722935420053545, "generation_seconds_excluding_decode_wait": 2.0722772930021165, "audio_seconds": 2.56, "rtf": 0.8094896648458416, "rtf_excluding_decode_wait": 0.8094833175789518, "chunks": 16, "samples": 122880, "events": [{"kind": "prefill", "values": {"prefill_seconds": 2.387998417005292, "prefill_tokens": 44, "prefill_stage_seconds": {"text_tokens": 4.6375003876164556e-05, "audio_features": 0.0009022500016726553, "sequence_build": 3.3299147617071867e-07, "lm_prefix_cache_restore": 4.590110620483756e-07, "stream_base_lm": 1.5927539999975124, "residual_lm": 0.7942674160003662, "lm_prefix_cache_save": 2.733399742282927e-05}, "prefill_text_tokens": 25, "prefill_audio_tokens": 19, "prefill_reference_audio_tokens": 0, "prefill_prompt_audio_tokens": 19, "prefill_lm_prefix_cache": false, "prefill_lm_prefix_tokens": 0, "at": 102416.256016583}}, {"kind": "generation_start", "values": {"at": 102416.256024666, "swap_to_decode_seconds": 8.083006832748652e-06}}, {"kind": "decode_ready", "values": {"at": 102416.451679041, "decode_load_wait_seconds": 7.166003342717886e-06, "decode_load_wait_by_lm": {"base_lm": 7.166003342717886e-06}}}, {"kind": "decode_ready", "values": {"at": 102416.894882375, "decode_load_wait_seconds": 9.082999895326793e-06, "decode_load_wait_by_lm": {"residual_lm": 9.082999895326793e-06}}}, {"kind": "first_ar_iteration", "values": {"at": 102416.910984666, "first_ar_iteration_seconds": 0.6549599999998463}}, {"kind": "final", "values": {"status": "completed", "generation_seconds": 2.0722935420053545, "audio_seconds": 2.56}}, {"kind": "prefill_cleanup", "values": {"at": 102418.3283245, "prefill_cleanup_wait_seconds": 7.079943316057324e-07}}], "warmup": false, "index": 5}
🎤 generate_audio_chunks: mode=continuation, text='Hello Patrick I am Spongebob Squarepants'..., max_len=76, cfg=2.0, steps=10
{"variant": "async", "wall_seconds": 4.411665999999968, "ttfb_seconds": 1.8101321249996545, "first_ar_iteration_wall_seconds": 2.300967958988622, "prefill_seconds": 1.6217282919969875, "prefill_stage_seconds": {"text_tokens": 6.470899097621441e-05, "audio_features": 0.0010314579994883388, "sequence_build": 4.580069798976183e-07, "lm_prefix_cache_restore": 5.00003807246685e-07, "stream_base_lm": 0.7880360839917557, "residual_lm": 0.8325694160012063, "lm_prefix_cache_save": 2.545899769756943e-05}, "swap_to_decode_seconds": 9.41699545364827e-06, "decode_load_wait_seconds": 1.4250996173359454e-05, "decode_load_wait_by_lm": {"base_lm": 6.4589985413476825e-06, "residual_lm": 7.791997632011771e-06}, "prefill_cleanup_wait_seconds": 1.667009200900793e-06, "first_ar_iteration_seconds": 0.6790116670017596, "generation_seconds": 2.1005390000063926, "generation_seconds_excluding_decode_wait": 2.1005247490102192, "audio_seconds": 2.56, "rtf": 0.8205230468774971, "rtf_excluding_decode_wait": 0.8205174800821169, "chunks": 16, "samples": 122880, "events": [{"kind": "prefill", "values": {"prefill_seconds": 1.6217282919969875, "prefill_tokens": 44, "prefill_stage_seconds": {"text_tokens": 6.470899097621441e-05, "audio_features": 0.0010314579994883388, "sequence_build": 4.580069798976183e-07, "lm_prefix_cache_restore": 5.00003807246685e-07, "stream_base_lm": 0.7880360839917557, "residual_lm": 0.8325694160012063, "lm_prefix_cache_save": 2.545899769756943e-05}, "prefill_text_tokens": 25, "prefill_audio_tokens": 19, "prefill_reference_audio_tokens": 0, "prefill_prompt_audio_tokens": 19, "prefill_lm_prefix_cache": false, "prefill_lm_prefix_tokens": 0, "at": 102420.668057416}}, {"kind": "generation_start", "values": {"at": 102420.668066833, "swap_to_decode_seconds": 9.41699545364827e-06}}, {"kind": "decode_ready", "values": {"at": 102420.856229541, "decode_load_wait_seconds": 6.4589985413476825e-06, "decode_load_wait_by_lm": {"base_lm": 6.4589985413476825e-06}}}, {"kind": "decode_ready", "values": {"at": 102421.330755458, "decode_load_wait_seconds": 7.791997632011771e-06, "decode_load_wait_by_lm": {"residual_lm": 7.791997632011771e-06}}}, {"kind": "first_ar_iteration", "values": {"at": 102421.3470785, "first_ar_iteration_seconds": 0.6790116670017596}}, {"kind": "final", "values": {"status": "completed", "generation_seconds": 2.1005390000063926, "audio_seconds": 2.56}}, {"kind": "prefill_cleanup", "values": {"at": 102422.76861575, "prefill_cleanup_wait_seconds": 1.667009200900793e-06}}], "warmup": false, "index": 6}
🎤 generate_audio_chunks: mode=continuation, text='Hello Patrick I am Spongebob Squarepants'..., max_len=76, cfg=2.0, steps=10
{"variant": "async", "wall_seconds": 4.198795666990918, "ttfb_seconds": 1.6925296249974053, "first_ar_iteration_wall_seconds": 2.0701222920033615, "prefill_seconds": 1.5034372500085738, "prefill_stage_seconds": {"text_tokens": 7.662500138394535e-05, "audio_features": 0.0007660000119358301, "sequence_build": 7.499911589547992e-07, "lm_prefix_cache_restore": 7.080088835209608e-07, "stream_base_lm": 0.7788552499987418, "residual_lm": 0.7237121669895714, "lm_prefix_cache_save": 2.5500004994682968e-05}, "swap_to_decode_seconds": 8.000002708286047e-06, "decode_load_wait_seconds": 1.287501072511077e-05, "decode_load_wait_by_lm": {"base_lm": 6.417001713998616e-06, "residual_lm": 6.4580090111121535e-06}, "prefill_cleanup_wait_seconds": 1.1660013115033507e-06, "first_ar_iteration_seconds": 0.5664565000042785, "generation_seconds": 1.9961395830032416, "generation_seconds_excluding_decode_wait": 1.9961267079925165, "audio_seconds": 2.56, "rtf": 0.7797420246106412, "rtf_excluding_decode_wait": 0.7797369953095767, "chunks": 16, "samples": 122880, "events": [{"kind": "prefill", "values": {"prefill_seconds": 1.5034372500085738, "prefill_tokens": 44, "prefill_stage_seconds": {"text_tokens": 7.662500138394535e-05, "audio_features": 0.0007660000119358301, "sequence_build": 7.499911589547992e-07, "lm_prefix_cache_restore": 7.080088835209608e-07, "stream_base_lm": 0.7788552499987418, "residual_lm": 0.7237121669895714, "lm_prefix_cache_save": 2.5500004994682968e-05}, "prefill_text_tokens": 25, "prefill_audio_tokens": 19, "prefill_reference_audio_tokens": 0, "prefill_prompt_audio_tokens": 19, "prefill_lm_prefix_cache": false, "prefill_lm_prefix_tokens": 0, "at": 102424.9615185}}, {"kind": "generation_start", "values": {"at": 102424.9615265, "swap_to_decode_seconds": 8.000002708286047e-06}}, {"kind": "decode_ready", "values": {"at": 102425.150381958, "decode_load_wait_seconds": 6.417001713998616e-06, "decode_load_wait_by_lm": {"base_lm": 6.417001713998616e-06}}}, {"kind": "decode_ready", "values": {"at": 102425.512145916, "decode_load_wait_seconds": 6.4580090111121535e-06, "decode_load_wait_by_lm": {"residual_lm": 6.4580090111121535e-06}}}, {"kind": "first_ar_iteration", "values": {"at": 102425.527983, "first_ar_iteration_seconds": 0.5664565000042785}}, {"kind": "final", "values": {"status": "completed", "generation_seconds": 1.9961395830032416, "audio_seconds": 2.56}}, {"kind": "prefill_cleanup", "values": {"at": 102426.957674583, "prefill_cleanup_wait_seconds": 1.1660013115033507e-06}}], "warmup": false, "index": 7}
🎤 generate_audio_chunks: mode=continuation, text='Hello Patrick I am Spongebob Squarepants'..., max_len=76, cfg=2.0, steps=10
{"variant": "async", "wall_seconds": 5.027409290996729, "ttfb_seconds": 2.5371667909930693, "first_ar_iteration_wall_seconds": 2.931173791002948, "prefill_seconds": 2.346028625004692, "prefill_stage_seconds": {"text_tokens": 4.4625005102716386e-05, "audio_features": 0.0008277919987449422, "sequence_build": 4.580069798976183e-07, "lm_prefix_cache_restore": 4.5799242798238993e-07, "stream_base_lm": 1.5990076669986593, "residual_lm": 0.7461235000082524, "lm_prefix_cache_save": 2.3916989448480308e-05}, "swap_to_decode_seconds": 1.012500433716923e-05, "decode_load_wait_seconds": 1.4083983842283487e-05, "decode_load_wait_by_lm": {"base_lm": 6.916990969330072e-06, "residual_lm": 7.166992872953415e-06}, "prefill_cleanup_wait_seconds": 8.749921107664704e-07, "first_ar_iteration_seconds": 0.58444204099942, "generation_seconds": 1.9955248329933966, "generation_seconds_excluding_decode_wait": 1.9955107490095543, "audio_seconds": 2.56, "rtf": 0.7795018878880455, "rtf_excluding_decode_wait": 0.7794963863318571, "chunks": 16, "samples": 122880, "events": [{"kind": "prefill", "values": {"prefill_seconds": 2.346028625004692, "prefill_tokens": 44, "prefill_stage_seconds": {"text_tokens": 4.4625005102716386e-05, "audio_features": 0.0008277919987449422, "sequence_build": 4.580069798976183e-07, "lm_prefix_cache_restore": 4.5799242798238993e-07, "stream_base_lm": 1.5990076669986593, "residual_lm": 0.7461235000082524, "lm_prefix_cache_save": 2.3916989448480308e-05}, "prefill_text_tokens": 25, "prefill_audio_tokens": 19, "prefill_reference_audio_tokens": 0, "prefill_prompt_audio_tokens": 19, "prefill_lm_prefix_cache": false, "prefill_lm_prefix_tokens": 0, "at": 102430.00346875}}, {"kind": "generation_start", "values": {"at": 102430.003478875, "swap_to_decode_seconds": 1.012500433716923e-05}}, {"kind": "decode_ready", "values": {"at": 102430.193906208, "decode_load_wait_seconds": 6.916990969330072e-06, "decode_load_wait_by_lm": {"base_lm": 6.916990969330072e-06}}}, {"kind": "decode_ready", "values": {"at": 102430.571719958, "decode_load_wait_seconds": 7.166992872953415e-06, "decode_load_wait_by_lm": {"residual_lm": 7.166992872953415e-06}}}, {"kind": "first_ar_iteration", "values": {"at": 102430.587920916, "first_ar_iteration_seconds": 0.58444204099942}}, {"kind": "final", "values": {"status": "completed", "generation_seconds": 1.9955248329933966, "audio_seconds": 2.56}}, {"kind": "prefill_cleanup", "values": {"at": 102431.999009458, "prefill_cleanup_wait_seconds": 8.749921107664704e-07}}], "warmup": false, "index": 8}
{
  "summary": {
    "python": {
      "implementation": "cpython",
      "version": "3.14.2 free-threading build (main, Dec 17 2025, 21:08:58) [Clang 21.1.4 ]",
      "gil_enabled": true
    },
    "variants": [
      {
        "name": "async",
        "flags": {
          "lm_async_decode_load": true,
          "lm_async_prefill_unload": true,
          "prefill_audio_async": true,
          "prefill_audio_queue_size": 2,
          "vae_async_decode": true,
          "vae_decode_max_pending": 2
        },
        "summary": {
          "runs": 5,
          "wall_seconds": {
            "mean": 4.597113516597892,
            "min": 4.169485624996014,
            "max": 5.178211000005831
          },
          "ttfb_seconds": {
            "mean": 2.044312116599758,
            "min": 1.5978502090001712,
            "max": 2.5838818330084905
          },
          "first_ar_iteration_wall_seconds": {
            "mean": 2.470604175000335,
            "min": 2.0075775000004796,
            "max": 3.0431793330062646
          },
          "prefill_seconds": {
            "mean": 1.8508701584039955,
            "min": 1.3951582080044318,
            "max": 2.387998417005292
          },
          "swap_to_decode_seconds": {
            "mean": 9.00000159163028e-06,
            "min": 8.000002708286047e-06,
            "max": 1.012500433716923e-05
          },
          "decode_load_wait_seconds": {
            "mean": 1.4400196960195899e-05,
            "min": 1.287501072511077e-05,
            "max": 1.624900323804468e-05
          },
          "first_ar_iteration_seconds": {
            "mean": 0.6193713332002517,
            "min": 0.5664565000042785,
            "max": 0.6790116670017596
          },
          "generation_seconds": {
            "mean": 2.0453594749997137,
            "min": 1.9955248329933966,
            "max": 2.1005390000063926
          },
          "generation_seconds_excluding_decode_wait": {
            "mean": 2.0453450748027535,
            "min": 1.9955107490095543,
            "max": 2.1005247490102192
          },
          "audio_seconds": {
            "mean": 2.56,
            "min": 2.56,
            "max": 2.56
          },
          "rtf": {
            "mean": 0.7989685449217632,
            "min": 0.7795018878880455,
            "max": 0.8205230468774971
          },
          "rtf_excluding_decode_wait": {
            "mean": 0.7989629198448256,
            "min": 0.7794963863318571,
            "max": 0.8205174800821169
          }
        }
      }
    ]
  }
}
