🚀 Downloading models from HuggingFace: seba/VoxCPM2ANE-Preview

Fetching 215 files:   0%|          | 0/215 [00:00<?, ?it/s]
Fetching 215 files: 100%|██████████| 215/215 [00:00<00:00, 574745.29it/s]

Fetching 168 files:   0%|          | 0/168 [00:00<?, ?it/s]
Fetching 168 files: 100%|██████████| 168/168 [00:00<00:00, 283901.32it/s]
   ✓ Prioritizing compiled model: /Users/seba/.cache/huggingface/hub/models--seba--VoxCPM2ANE-Preview/snapshots/def350ecae1aa3e4028970a5eae8faa7b3800d40/base_lm_multifunction.mlmodelc
   ✓ base_lm default: /Users/seba/.cache/huggingface/hub/models--seba--VoxCPM2ANE-Preview/snapshots/def350ecae1aa3e4028970a5eae8faa7b3800d40/base_lm_multifunction.mlmodelc
   ✓ Prioritizing compiled model: /Users/seba/.cache/huggingface/hub/models--seba--VoxCPM2ANE-Preview/snapshots/def350ecae1aa3e4028970a5eae8faa7b3800d40/residual_lm_fused_multifunction.mlmodelc
   ✓ Prioritizing compiled model: /Users/seba/.cache/huggingface/hub/models--seba--VoxCPM2ANE-Preview/snapshots/def350ecae1aa3e4028970a5eae8faa7b3800d40/locdit_p4_c4.mlmodelc
   ✓ Prioritizing compiled model: /Users/seba/.cache/huggingface/hub/models--seba--VoxCPM2ANE-Preview/snapshots/def350ecae1aa3e4028970a5eae8faa7b3800d40/audio_vae_encoder.mlmodelc
   ✓ Prioritizing compiled model: /Users/seba/.cache/huggingface/hub/models--seba--VoxCPM2ANE-Preview/snapshots/def350ecae1aa3e4028970a5eae8faa7b3800d40/feat_encoder.mlmodelc
   ✓ Prioritizing compiled model: /Users/seba/.cache/huggingface/hub/models--seba--VoxCPM2ANE-Preview/snapshots/def350ecae1aa3e4028970a5eae8faa7b3800d40/audio_vae_decoder_lf4.mlmodelc
   ✓ Prioritizing compiled model: /Users/seba/.cache/huggingface/hub/models--seba--VoxCPM2ANE-Preview/snapshots/def350ecae1aa3e4028970a5eae8faa7b3800d40/fsq_s4.mlmodelc
   ✓ Prioritizing compiled model: /Users/seba/.cache/huggingface/hub/models--seba--VoxCPM2ANE-Preview/snapshots/def350ecae1aa3e4028970a5eae8faa7b3800d40/projections.mlmodelc
Loading CoreML models via VoxCPM2Generator...
CoreML resolved model paths:
  vae_encoder: /Users/seba/.cache/huggingface/hub/models--seba--VoxCPM2ANE-Preview/snapshots/def350ecae1aa3e4028970a5eae8faa7b3800d40/audio_vae_encoder.mlmodelc
  feat_encoder: /Users/seba/.cache/huggingface/hub/models--seba--VoxCPM2ANE-Preview/snapshots/def350ecae1aa3e4028970a5eae8faa7b3800d40/feat_encoder.mlmodelc
  base_lm: /Users/seba/.cache/huggingface/hub/models--seba--VoxCPM2ANE-Preview/snapshots/def350ecae1aa3e4028970a5eae8faa7b3800d40/base_lm_multifunction.mlmodelc
  residual_lm: /Users/seba/.cache/huggingface/hub/models--seba--VoxCPM2ANE-Preview/snapshots/def350ecae1aa3e4028970a5eae8faa7b3800d40/residual_lm_fused_multifunction.mlmodelc
  locdit: /Users/seba/.cache/huggingface/hub/models--seba--VoxCPM2ANE-Preview/snapshots/def350ecae1aa3e4028970a5eae8faa7b3800d40/locdit_p4_c4.mlmodelc
  vae_decoder: /Users/seba/.cache/huggingface/hub/models--seba--VoxCPM2ANE-Preview/snapshots/def350ecae1aa3e4028970a5eae8faa7b3800d40/audio_vae_decoder_lf4.mlmodelc
  fsq: /Users/seba/.cache/huggingface/hub/models--seba--VoxCPM2ANE-Preview/snapshots/def350ecae1aa3e4028970a5eae8faa7b3800d40/fsq_s4.mlmodelc
  projections: /Users/seba/.cache/huggingface/hub/models--seba--VoxCPM2ANE-Preview/snapshots/def350ecae1aa3e4028970a5eae8faa7b3800d40/projections.mlmodelc
✅ Models loaded successfully.
🎤 generate_audio_chunks: mode=continuation, text='Hello Patrick I am Spongebob Squarepants'..., max_len=76, cfg=2.0, steps=10
{"variant": "async", "wall_seconds": 3.9044959589955397, "ttfb_seconds": 1.1852929169981508, "first_ar_iteration_wall_seconds": 1.6186439169978257, "prefill_seconds": 0.7161632919887779, "prefill_stage_seconds": {"text_tokens": 8.249998791143298e-05, "audio_features": 0.001465584005927667, "sequence_build": 9.159994078800082e-07, "lm_prefix_cache_restore": 6.67001586407423e-07, "stream_base_lm": 0.6599786250008037, "residual_lm": 0.05443829200521577, "lm_prefix_cache_save": 0.00019587499264162034}, "swap_to_decode_seconds": 1.5166006051003933e-05, "decode_load_wait_seconds": 0.39871424999728333, "decode_load_wait_by_lm": {"base_lm": 0.39870637499552686, "residual_lm": 7.875001756474376e-06}, "prefill_cleanup_wait_seconds": 5.084002623334527e-06, "first_ar_iteration_seconds": 0.894235416999436, "generation_seconds": 2.217228209003224, "generation_seconds_excluding_decode_wait": 1.8185139590059407, "audio_seconds": 2.56, "rtf": 0.8661047691418844, "rtf_excluding_decode_wait": 0.7103570152366956, "chunks": 16, "samples": 122880, "events": [{"kind": "prefill", "values": {"prefill_seconds": 0.7161632919887779, "prefill_tokens": 44, "prefill_stage_seconds": {"text_tokens": 8.249998791143298e-05, "audio_features": 0.001465584005927667, "sequence_build": 9.159994078800082e-07, "lm_prefix_cache_restore": 6.67001586407423e-07, "stream_base_lm": 0.6599786250008037, "residual_lm": 0.05443829200521577, "lm_prefix_cache_save": 0.00019587499264162034}, "prefill_text_tokens": 25, "prefill_audio_tokens": 19, "prefill_reference_audio_tokens": 0, "prefill_prompt_audio_tokens": 19, "prefill_lm_prefix_cache": false, "prefill_lm_prefix_tokens": 0, "at": 102437.62131675}}, {"kind": "generation_start", "values": {"at": 102437.621331916, "swap_to_decode_seconds": 1.5166006051003933e-05}}, {"kind": "decode_ready", "values": {"at": 102438.082200125, "decode_load_wait_seconds": 0.39870637499552686, "decode_load_wait_by_lm": {"base_lm": 0.39870637499552686}}}, {"kind": "decode_ready", "values": {"at": 102438.4986705, "decode_load_wait_seconds": 7.875001756474376e-06, "decode_load_wait_by_lm": {"residual_lm": 7.875001756474376e-06}}}, {"kind": "first_ar_iteration", "values": {"at": 102438.515567333, "first_ar_iteration_seconds": 0.894235416999436}}, {"kind": "final", "values": {"status": "completed", "generation_seconds": 2.217228209003224, "audio_seconds": 2.56}}, {"kind": "prefill_cleanup", "values": {"at": 102439.838582833, "prefill_cleanup_wait_seconds": 5.084002623334527e-06}}], "warmup": true, "index": 0}
🎤 generate_audio_chunks: mode=continuation, text='Hello Patrick I am Spongebob Squarepants'..., max_len=76, cfg=2.0, steps=10
{"variant": "async", "wall_seconds": 4.545794041012414, "ttfb_seconds": 1.9178905410080915, "first_ar_iteration_wall_seconds": 2.4479563330096425, "prefill_seconds": 1.001202833998832, "prefill_stage_seconds": {"text_tokens": 5.920900730416179e-05, "audio_features": 0.0009287909924751148, "sequence_build": 8.33999365568161e-07, "lm_prefix_cache_restore": 9.159994078800082e-07, "stream_base_lm": 0.9598599169985391, "residual_lm": 0.040325500012841076, "lm_prefix_cache_save": 2.704199869185686e-05}, "swap_to_decode_seconds": 1.4874996850267053e-05, "decode_load_wait_seconds": 0.8488087500008987, "decode_load_wait_by_lm": {"base_lm": 0.8488011669978732, "residual_lm": 7.5830030255019665e-06}, "prefill_cleanup_wait_seconds": 3.708992153406143e-06, "first_ar_iteration_seconds": 1.446426042006351, "generation_seconds": 2.793674209009623, "generation_seconds_excluding_decode_wait": 1.9448654590087244, "audio_seconds": 2.56, "rtf": 1.091278987894384, "rtf_excluding_decode_wait": 0.759713069925283, "chunks": 16, "samples": 122880, "events": [{"kind": "prefill", "values": {"prefill_seconds": 1.001202833998832, "prefill_tokens": 44, "prefill_stage_seconds": {"text_tokens": 5.920900730416179e-05, "audio_features": 0.0009287909924751148, "sequence_build": 8.33999365568161e-07, "lm_prefix_cache_restore": 9.159994078800082e-07, "stream_base_lm": 0.9598599169985391, "residual_lm": 0.040325500012841076, "lm_prefix_cache_save": 2.704199869185686e-05}, "prefill_text_tokens": 25, "prefill_audio_tokens": 19, "prefill_reference_audio_tokens": 0, "prefill_prompt_audio_tokens": 19, "prefill_lm_prefix_cache": false, "prefill_lm_prefix_tokens": 0, "at": 102441.803064041}}, {"kind": "generation_start", "values": {"at": 102441.803078916, "swap_to_decode_seconds": 1.4874996850267053e-05}}, {"kind": "decode_ready", "values": {"at": 102442.719424625, "decode_load_wait_seconds": 0.8488011669978732, "decode_load_wait_by_lm": {"base_lm": 0.8488011669978732}}}, {"kind": "decode_ready", "values": {"at": 102443.233534416, "decode_load_wait_seconds": 7.5830030255019665e-06, "decode_load_wait_by_lm": {"residual_lm": 7.5830030255019665e-06}}}, {"kind": "first_ar_iteration", "values": {"at": 102443.249504958, "first_ar_iteration_seconds": 1.446426042006351}}, {"kind": "final", "values": {"status": "completed", "generation_seconds": 2.793674209009623, "audio_seconds": 2.56}}, {"kind": "prefill_cleanup", "values": {"at": 102444.596771416, "prefill_cleanup_wait_seconds": 3.708992153406143e-06}}], "warmup": true, "index": 1}
🎤 generate_audio_chunks: mode=continuation, text='Hello Patrick I am Spongebob Squarepants'..., max_len=76, cfg=2.0, steps=10
{"variant": "async", "wall_seconds": 3.971372500003781, "ttfb_seconds": 1.4712131669948576, "first_ar_iteration_wall_seconds": 1.9477528749994235, "prefill_seconds": 0.7463805839943234, "prefill_stage_seconds": {"text_tokens": 4.629199975170195e-05, "audio_features": 0.0007579579978482798, "sequence_build": 3.7500285543501377e-07, "lm_prefix_cache_restore": 5.420006345957518e-07, "stream_base_lm": 0.7044156669871882, "residual_lm": 0.04111883300356567, "lm_prefix_cache_save": 4.054199962411076e-05}, "swap_to_decode_seconds": 1.012500433716923e-05, "decode_load_wait_seconds": 0.6695890419941861, "decode_load_wait_by_lm": {"base_lm": 0.6695816669962369, "residual_lm": 7.374997949227691e-06}, "prefill_cleanup_wait_seconds": 2.2089952835813165e-06, "first_ar_iteration_seconds": 1.200929750004434, "generation_seconds": 2.520273750007618, "generation_seconds_excluding_decode_wait": 1.850684708013432, "audio_seconds": 2.56, "rtf": 0.9844819335967259, "rtf_excluding_decode_wait": 0.7229237140677469, "chunks": 16, "samples": 122880, "events": [{"kind": "prefill", "values": {"prefill_seconds": 0.7463805839943234, "prefill_tokens": 44, "prefill_stage_seconds": {"text_tokens": 4.629199975170195e-05, "audio_features": 0.0007579579978482798, "sequence_build": 3.7500285543501377e-07, "lm_prefix_cache_restore": 5.420006345957518e-07, "stream_base_lm": 0.7044156669871882, "residual_lm": 0.04111883300356567, "lm_prefix_cache_save": 4.054199962411076e-05}, "prefill_text_tokens": 25, "prefill_audio_tokens": 19, "prefill_reference_audio_tokens": 0, "prefill_prompt_audio_tokens": 19, "prefill_lm_prefix_cache": false, "prefill_lm_prefix_tokens": 0, "at": 102446.094243708}}, {"kind": "generation_start", "values": {"at": 102446.094253833, "swap_to_decode_seconds": 1.012500433716923e-05}}, {"kind": "decode_ready", "values": {"at": 102446.818629208, "decode_load_wait_seconds": 0.6695816669962369, "decode_load_wait_by_lm": {"base_lm": 0.6695816669962369}}}, {"kind": "decode_ready", "values": {"at": 102447.278820666, "decode_load_wait_seconds": 7.374997949227691e-06, "decode_load_wait_by_lm": {"residual_lm": 7.374997949227691e-06}}}, {"kind": "first_ar_iteration", "values": {"at": 102447.295183583, "first_ar_iteration_seconds": 1.200929750004434}}, {"kind": "final", "values": {"status": "completed", "generation_seconds": 2.520273750007618, "audio_seconds": 2.56}}, {"kind": "prefill_cleanup", "values": {"at": 102448.614541833, "prefill_cleanup_wait_seconds": 2.2089952835813165e-06}}], "warmup": true, "index": 2}
🎤 generate_audio_chunks: mode=continuation, text='Hello Patrick I am Spongebob Squarepants'..., max_len=76, cfg=2.0, steps=10
{"variant": "async", "wall_seconds": 3.9534158329915954, "ttfb_seconds": 1.5526528329937719, "first_ar_iteration_wall_seconds": 2.055682624995825, "prefill_seconds": 0.8714009999966947, "prefill_stage_seconds": {"text_tokens": 4.670899943448603e-05, "audio_features": 0.0006685830012429506, "sequence_build": 4.580069798976183e-07, "lm_prefix_cache_restore": 5.420006345957518e-07, "stream_base_lm": 0.822737791997497, "residual_lm": 0.0479218749969732, "lm_prefix_cache_save": 2.4791006580926478e-05}, "swap_to_decode_seconds": 7.95899541117251e-06, "decode_load_wait_seconds": 0.6286559180007316, "decode_load_wait_by_lm": {"base_lm": 0.628647584002465, "residual_lm": 8.333998266607523e-06}, "prefill_cleanup_wait_seconds": 2.7909991331398487e-06, "first_ar_iteration_seconds": 1.1840077500091866, "generation_seconds": 2.5066680410091067, "generation_seconds_excluding_decode_wait": 1.878012123008375, "audio_seconds": 2.56, "rtf": 0.9791672035191823, "rtf_excluding_decode_wait": 0.7335984855501465, "chunks": 16, "samples": 122880, "events": [{"kind": "prefill", "values": {"prefill_seconds": 0.8714009999966947, "prefill_tokens": 44, "prefill_stage_seconds": {"text_tokens": 4.670899943448603e-05, "audio_features": 0.0006685830012429506, "sequence_build": 4.580069798976183e-07, "lm_prefix_cache_restore": 5.420006345957518e-07, "stream_base_lm": 0.822737791997497, "residual_lm": 0.0479218749969732, "lm_prefix_cache_save": 2.4791006580926478e-05}, "prefill_text_tokens": 25, "prefill_audio_tokens": 19, "prefill_reference_audio_tokens": 0, "prefill_prompt_audio_tokens": 19, "prefill_lm_prefix_cache": false, "prefill_lm_prefix_tokens": 0, "at": 102450.190552666}}, {"kind": "generation_start", "values": {"at": 102450.190560625, "swap_to_decode_seconds": 7.95899541117251e-06}}, {"kind": "decode_ready", "values": {"at": 102450.871525041, "decode_load_wait_seconds": 0.628647584002465, "decode_load_wait_by_lm": {"base_lm": 0.628647584002465}}}, {"kind": "decode_ready", "values": {"at": 102451.358488458, "decode_load_wait_seconds": 8.333998266607523e-06, "decode_load_wait_by_lm": {"residual_lm": 8.333998266607523e-06}}}, {"kind": "first_ar_iteration", "values": {"at": 102451.374568375, "first_ar_iteration_seconds": 1.1840077500091866}}, {"kind": "final", "values": {"status": "completed", "generation_seconds": 2.5066680410091067, "audio_seconds": 2.56}}, {"kind": "prefill_cleanup", "values": {"at": 102452.697241208, "prefill_cleanup_wait_seconds": 2.7909991331398487e-06}}], "warmup": true, "index": 3}
🎤 generate_audio_chunks: mode=continuation, text='Hello Patrick I am Spongebob Squarepants'..., max_len=76, cfg=2.0, steps=10
{"variant": "async", "wall_seconds": 5.030081542005064, "ttfb_seconds": 1.8194121670094319, "first_ar_iteration_wall_seconds": 3.0110708749998594, "prefill_seconds": 1.2049812080076663, "prefill_stage_seconds": {"text_tokens": 6.26660039415583e-05, "audio_features": 0.0008240839961217716, "sequence_build": 6.250047590583563e-07, "lm_prefix_cache_restore": 7.499911589547992e-07, "stream_base_lm": 1.169538875008584, "residual_lm": 0.03453074999561068, "lm_prefix_cache_save": 2.3290995159186423e-05}, "swap_to_decode_seconds": 7.583992555737495e-06, "decode_load_wait_seconds": 0.5620351249963278, "decode_load_wait_by_lm": {"base_lm": 0.5620280000002822, "residual_lm": 7.124996045604348e-06}, "prefill_cleanup_wait_seconds": 2.959000994451344e-06, "first_ar_iteration_seconds": 1.805744915996911, "generation_seconds": 3.1441348329972243, "generation_seconds_excluding_decode_wait": 2.5820997080008965, "audio_seconds": 2.56, "rtf": 1.2281776691395407, "rtf_excluding_decode_wait": 1.0086326984378502, "chunks": 16, "samples": 122880, "events": [{"kind": "prefill", "values": {"prefill_seconds": 1.2049812080076663, "prefill_tokens": 44, "prefill_stage_seconds": {"text_tokens": 6.26660039415583e-05, "audio_features": 0.0008240839961217716, "sequence_build": 6.250047590583563e-07, "lm_prefix_cache_restore": 7.499911589547992e-07, "stream_base_lm": 1.169538875008584, "residual_lm": 0.03453074999561068, "lm_prefix_cache_save": 2.3290995159186423e-05}, "prefill_text_tokens": 25, "prefill_audio_tokens": 19, "prefill_reference_audio_tokens": 0, "prefill_prompt_audio_tokens": 19, "prefill_lm_prefix_cache": false, "prefill_lm_prefix_tokens": 0, "at": 102454.477708666}}, {"kind": "generation_start", "values": {"at": 102454.47771625, "swap_to_decode_seconds": 7.583992555737495e-06}}, {"kind": "decode_ready", "values": {"at": 102455.091785416, "decode_load_wait_seconds": 0.5620280000002822, "decode_load_wait_by_lm": {"base_lm": 0.5620280000002822}}}, {"kind": "decode_ready", "values": {"at": 102456.260633958, "decode_load_wait_seconds": 7.124996045604348e-06, "decode_load_wait_by_lm": {"residual_lm": 7.124996045604348e-06}}}, {"kind": "first_ar_iteration", "values": {"at": 102456.283461166, "first_ar_iteration_seconds": 1.805744915996911}}, {"kind": "final", "values": {"status": "completed", "generation_seconds": 3.1441348329972243, "audio_seconds": 2.56}}, {"kind": "prefill_cleanup", "values": {"at": 102457.621865458, "prefill_cleanup_wait_seconds": 2.959000994451344e-06}}], "warmup": false, "index": 4}
🎤 generate_audio_chunks: mode=continuation, text='Hello Patrick I am Spongebob Squarepants'..., max_len=76, cfg=2.0, steps=10
{"variant": "async", "wall_seconds": 3.4705175000126474, "ttfb_seconds": 1.0260643330111634, "first_ar_iteration_wall_seconds": 1.5597829580074176, "prefill_seconds": 0.3747796250099782, "prefill_stage_seconds": {"text_tokens": 4.620800609700382e-05, "audio_features": 0.0008855000050971285, "sequence_build": 4.169996827840805e-07, "lm_prefix_cache_restore": 5.409965524449944e-07, "stream_base_lm": 0.3339016669924604, "residual_lm": 0.03992066701175645, "lm_prefix_cache_save": 2.4415989173576236e-05}, "swap_to_decode_seconds": 7.583992555737495e-06, "decode_load_wait_seconds": 0.5979013320175, "decode_load_wait_by_lm": {"base_lm": 0.5978937910113018, "residual_lm": 7.5410061981529e-06}, "prefill_cleanup_wait_seconds": 2.9579969123005867e-06, "first_ar_iteration_seconds": 1.1845609580050223, "generation_seconds": 2.50614054100879, "generation_seconds_excluding_decode_wait": 1.90823920899129, "audio_seconds": 2.56, "rtf": 0.9789611488315586, "rtf_excluding_decode_wait": 0.7454059410122227, "chunks": 16, "samples": 122880, "events": [{"kind": "prefill", "values": {"prefill_seconds": 0.3747796250099782, "prefill_tokens": 44, "prefill_stage_seconds": {"text_tokens": 4.620800609700382e-05, "audio_features": 0.0008855000050971285, "sequence_build": 4.169996827840805e-07, "lm_prefix_cache_restore": 5.409965524449944e-07, "stream_base_lm": 0.3339016669924604, "residual_lm": 0.03992066701175645, "lm_prefix_cache_save": 2.4415989173576236e-05}, "prefill_text_tokens": 25, "prefill_audio_tokens": 19, "prefill_reference_audio_tokens": 0, "prefill_prompt_audio_tokens": 19, "prefill_lm_prefix_cache": false, "prefill_lm_prefix_tokens": 0, "at": 102458.677762666}}, {"kind": "generation_start", "values": {"at": 102458.67777025, "swap_to_decode_seconds": 7.583992555737495e-06}}, {"kind": "decode_ready", "values": {"at": 102459.328575458, "decode_load_wait_seconds": 0.5978937910113018, "decode_load_wait_by_lm": {"base_lm": 0.5978937910113018}}}, {"kind": "decode_ready", "values": {"at": 102459.846119875, "decode_load_wait_seconds": 7.5410061981529e-06, "decode_load_wait_by_lm": {"residual_lm": 7.5410061981529e-06}}}, {"kind": "first_ar_iteration", "values": {"at": 102459.862331208, "first_ar_iteration_seconds": 1.1845609580050223}}, {"kind": "final", "values": {"status": "completed", "generation_seconds": 2.50614054100879, "audio_seconds": 2.56}}, {"kind": "prefill_cleanup", "values": {"at": 102461.183923041, "prefill_cleanup_wait_seconds": 2.9579969123005867e-06}}], "warmup": false, "index": 5}
🎤 generate_audio_chunks: mode=continuation, text='Hello Patrick I am Spongebob Squarepants'..., max_len=76, cfg=2.0, steps=10
{"variant": "async", "wall_seconds": 4.5320850830030395, "ttfb_seconds": 1.9632413749932311, "first_ar_iteration_wall_seconds": 2.4589604579959996, "prefill_seconds": 1.3196729580085957, "prefill_stage_seconds": {"text_tokens": 4.766600613947958e-05, "audio_features": 0.0009348339954158291, "sequence_build": 5.00003807246685e-07, "lm_prefix_cache_restore": 5.829933797940612e-07, "stream_base_lm": 1.2770810000074562, "residual_lm": 0.04158099999767728, "lm_prefix_cache_save": 2.7207992388866842e-05}, "swap_to_decode_seconds": 8.040995453484356e-06, "decode_load_wait_seconds": 0.5904527089878684, "decode_load_wait_by_lm": {"base_lm": 0.5904449169902364, "residual_lm": 7.791997632011771e-06}, "prefill_cleanup_wait_seconds": 2.582994056865573e-06, "first_ar_iteration_seconds": 1.1389109169977019, "generation_seconds": 2.503287375002401, "generation_seconds_excluding_decode_wait": 1.9128346660145326, "audio_seconds": 2.56, "rtf": 0.9778466308603129, "rtf_excluding_decode_wait": 0.7472010414119268, "chunks": 16, "samples": 122880, "events": [{"kind": "prefill", "values": {"prefill_seconds": 1.3196729580085957, "prefill_tokens": 44, "prefill_stage_seconds": {"text_tokens": 4.766600613947958e-05, "audio_features": 0.0009348339954158291, "sequence_build": 5.00003807246685e-07, "lm_prefix_cache_restore": 5.829933797940612e-07, "stream_base_lm": 1.2770810000074562, "residual_lm": 0.04158099999767728, "lm_prefix_cache_save": 2.7207992388866842e-05}, "prefill_text_tokens": 25, "prefill_audio_tokens": 19, "prefill_reference_audio_tokens": 0, "prefill_prompt_audio_tokens": 19, "prefill_lm_prefix_cache": false, "prefill_lm_prefix_tokens": 0, "at": 102463.0931925}}, {"kind": "generation_start", "values": {"at": 102463.093200541, "swap_to_decode_seconds": 8.040995453484356e-06}}, {"kind": "decode_ready", "values": {"at": 102463.736377625, "decode_load_wait_seconds": 0.5904449169902364, "decode_load_wait_by_lm": {"base_lm": 0.5904449169902364}}}, {"kind": "decode_ready", "values": {"at": 102464.216100333, "decode_load_wait_seconds": 7.791997632011771e-06, "decode_load_wait_by_lm": {"residual_lm": 7.791997632011771e-06}}}, {"kind": "first_ar_iteration", "values": {"at": 102464.232111458, "first_ar_iteration_seconds": 1.1389109169977019}}, {"kind": "final", "values": {"status": "completed", "generation_seconds": 2.503287375002401, "audio_seconds": 2.56}}, {"kind": "prefill_cleanup", "values": {"at": 102465.596501291, "prefill_cleanup_wait_seconds": 2.582994056865573e-06}}], "warmup": false, "index": 6}
🎤 generate_audio_chunks: mode=continuation, text='Hello Patrick I am Spongebob Squarepants'..., max_len=76, cfg=2.0, steps=10
{"variant": "async", "wall_seconds": 4.29473149999103, "ttfb_seconds": 1.4184617080027238, "first_ar_iteration_wall_seconds": 1.9477827079972485, "prefill_seconds": 0.6810336659982568, "prefill_stage_seconds": {"text_tokens": 6.379099795594811e-05, "audio_features": 0.0011405000113882124, "sequence_build": 4.5899651013314724e-07, "lm_prefix_cache_restore": 5.409965524449944e-07, "stream_base_lm": 0.6493948749994161, "residual_lm": 0.03041012500762008, "lm_prefix_cache_save": 2.3124986910261214e-05}, "swap_to_decode_seconds": 7.208000170066953e-06, "decode_load_wait_seconds": 0.6848267909954302, "decode_load_wait_by_lm": {"base_lm": 0.6848201249958947, "residual_lm": 6.665999535471201e-06}, "prefill_cleanup_wait_seconds": 3.2910029403865337e-06, "first_ar_iteration_seconds": 1.2663652500050375, "generation_seconds": 2.637162167011411, "generation_seconds_excluding_decode_wait": 1.9523353760159807, "audio_seconds": 2.56, "rtf": 1.0301414714888324, "rtf_excluding_decode_wait": 0.7626310062562425, "chunks": 16, "samples": 122880, "events": [{"kind": "prefill", "values": {"prefill_seconds": 0.6810336659982568, "prefill_tokens": 44, "prefill_stage_seconds": {"text_tokens": 6.379099795594811e-05, "audio_features": 0.0011405000113882124, "sequence_build": 4.5899651013314724e-07, "lm_prefix_cache_restore": 5.409965524449944e-07, "stream_base_lm": 0.6493948749994161, "residual_lm": 0.03041012500762008, "lm_prefix_cache_save": 2.3124986910261214e-05}, "prefill_text_tokens": 25, "prefill_audio_tokens": 19, "prefill_reference_audio_tokens": 0, "prefill_prompt_audio_tokens": 19, "prefill_lm_prefix_cache": false, "prefill_lm_prefix_tokens": 0, "at": 102466.986743708}}, {"kind": "generation_start", "values": {"at": 102466.986750916, "swap_to_decode_seconds": 7.208000170066953e-06}}, {"kind": "decode_ready", "values": {"at": 102467.7237775, "decode_load_wait_seconds": 0.6848201249958947, "decode_load_wait_by_lm": {"base_lm": 0.6848201249958947}}}, {"kind": "decode_ready", "values": {"at": 102468.237049083, "decode_load_wait_seconds": 6.665999535471201e-06, "decode_load_wait_by_lm": {"residual_lm": 6.665999535471201e-06}}}, {"kind": "first_ar_iteration", "values": {"at": 102468.253116166, "first_ar_iteration_seconds": 1.2663652500050375}}, {"kind": "final", "values": {"status": "completed", "generation_seconds": 2.637162167011411, "audio_seconds": 2.56}}, {"kind": "prefill_cleanup", "values": {"at": 102469.623928083, "prefill_cleanup_wait_seconds": 3.2910029403865337e-06}}], "warmup": false, "index": 7}
🎤 generate_audio_chunks: mode=continuation, text='Hello Patrick I am Spongebob Squarepants'..., max_len=76, cfg=2.0, steps=10
{"variant": "async", "wall_seconds": 4.306381665999652, "ttfb_seconds": 1.7868320409907028, "first_ar_iteration_wall_seconds": 2.2843274579936406, "prefill_seconds": 1.1004152500099735, "prefill_stage_seconds": {"text_tokens": 7.779200677759945e-05, "audio_features": 0.0009123329946305603, "sequence_build": 5.420006345957518e-07, "lm_prefix_cache_restore": 5.409965524449944e-07, "stream_base_lm": 1.0581353750021663, "residual_lm": 0.04125875000318047, "lm_prefix_cache_save": 2.9749993700534105e-05}, "swap_to_decode_seconds": 8.25000461190939e-06, "decode_load_wait_seconds": 0.6336228760046652, "decode_load_wait_by_lm": {"base_lm": 0.63361045900092, "residual_lm": 1.2417003745213151e-05}, "prefill_cleanup_wait_seconds": 2.6249908842146397e-06, "first_ar_iteration_seconds": 1.183409457997186, "generation_seconds": 2.531148124995525, "generation_seconds_excluding_decode_wait": 1.8975252489908598, "audio_seconds": 2.56, "rtf": 0.988729736326377, "rtf_excluding_decode_wait": 0.7412208003870546, "chunks": 16, "samples": 122880, "events": [{"kind": "prefill", "values": {"prefill_seconds": 1.1004152500099735, "prefill_tokens": 44, "prefill_stage_seconds": {"text_tokens": 7.779200677759945e-05, "audio_features": 0.0009123329946305603, "sequence_build": 5.420006345957518e-07, "lm_prefix_cache_restore": 5.409965524449944e-07, "stream_base_lm": 1.0581353750021663, "residual_lm": 0.04125875000318047, "lm_prefix_cache_save": 2.9749993700534105e-05}, "prefill_text_tokens": 25, "prefill_audio_tokens": 19, "prefill_reference_audio_tokens": 0, "prefill_prompt_audio_tokens": 19, "prefill_lm_prefix_cache": false, "prefill_lm_prefix_tokens": 0, "at": 102471.701062625}}, {"kind": "generation_start", "values": {"at": 102471.701070875, "swap_to_decode_seconds": 8.25000461190939e-06}}, {"kind": "decode_ready", "values": {"at": 102472.386965541, "decode_load_wait_seconds": 0.63361045900092, "decode_load_wait_by_lm": {"base_lm": 0.63361045900092}}}, {"kind": "decode_ready", "values": {"at": 102472.868070083, "decode_load_wait_seconds": 1.2417003745213151e-05, "decode_load_wait_by_lm": {"residual_lm": 1.2417003745213151e-05}}}, {"kind": "first_ar_iteration", "values": {"at": 102472.884480333, "first_ar_iteration_seconds": 1.183409457997186}}, {"kind": "final", "values": {"status": "completed", "generation_seconds": 2.531148124995525, "audio_seconds": 2.56}}, {"kind": "prefill_cleanup", "values": {"at": 102474.232231, "prefill_cleanup_wait_seconds": 2.6249908842146397e-06}}], "warmup": false, "index": 8}
{
  "summary": {
    "python": {
      "implementation": "cpython",
      "version": "3.14.2 free-threading build (main, Dec 17 2025, 21:08:58) [Clang 21.1.4 ]",
      "gil_enabled": false
    },
    "variants": [
      {
        "name": "async",
        "flags": {
          "lm_async_decode_load": true,
          "lm_async_prefill_unload": true,
          "prefill_audio_async": true,
          "prefill_audio_queue_size": 2,
          "vae_async_decode": true,
          "vae_decode_max_pending": 2
        },
        "summary": {
          "runs": 5,
          "wall_seconds": {
            "mean": 4.326759458202287,
            "min": 3.4705175000126474,
            "max": 5.030081542005064
          },
          "ttfb_seconds": {
            "mean": 1.6028023248014507,
            "min": 1.0260643330111634,
            "max": 1.9632413749932311
          },
          "first_ar_iteration_wall_seconds": {
            "mean": 2.252384891398833,
            "min": 1.5597829580074176,
            "max": 3.0110708749998594
          },
          "prefill_seconds": {
            "mean": 0.9361765414068941,
            "min": 0.3747796250099782,
            "max": 1.3196729580085957
          },
          "swap_to_decode_seconds": {
            "mean": 7.733397069387138e-06,
            "min": 7.208000170066953e-06,
            "max": 8.25000461190939e-06
          },
          "decode_load_wait_seconds": {
            "mean": 0.6137677666003583,
            "min": 0.5620351249963278,
            "max": 0.6848267909954302
          },
          "first_ar_iteration_seconds": {
            "mean": 1.3157982998003717,
            "min": 1.1389109169977019,
            "max": 1.805744915996911
          },
          "generation_seconds": {
            "mean": 2.66437460820307,
            "min": 2.503287375002401,
            "max": 3.1441348329972243
          },
          "generation_seconds_excluding_decode_wait": {
            "mean": 2.050606841602712,
            "min": 1.8975252489908598,
            "max": 2.5820997080008965
          },
          "audio_seconds": {
            "mean": 2.56,
            "min": 2.56,
            "max": 2.56
          },
          "rtf": {
            "mean": 1.0407713313293243,
            "min": 0.9778466308603129,
            "max": 1.2281776691395407
          },
          "rtf_excluding_decode_wait": {
            "mean": 0.8010182975010594,
            "min": 0.7412208003870546,
            "max": 1.0086326984378502
          }
        }
      }
    ]
  }
}
